###############################################################################
#
# IAR ELF Linker V8.50.9.278/W32 for ARM                  22/Jan/2021  16:24:09
# Copyright 2007-2020 IAR Systems AB.
#
#    Output file  =  E:\Projekte\TxV2\STM32\TxV2_V2.0\EWARM\TxV2\Exe\TxV2.out
#    Map file     =  E:\Projekte\TxV2\STM32\TxV2_V2.0\EWARM\TxV2\List\TxV2.map
#    Command line =
#        -f C:\Users\de9p0531\AppData\Local\Temp\EWA500.tmp
#        (E:\Projekte\TxV2\STM32\TxV2_V2.0\EWARM\TxV2\Obj\ADC.o
#        E:\Projekte\TxV2\STM32\TxV2_V2.0\EWARM\TxV2\Obj\AllParams.o
#        E:\Projekte\TxV2\STM32\TxV2_V2.0\EWARM\TxV2\Obj\App.o
#        E:\Projekte\TxV2\STM32\TxV2_V2.0\EWARM\TxV2\Obj\App_868MHz.o
#        E:\Projekte\TxV2\STM32\TxV2_V2.0\EWARM\TxV2\Obj\App_868MHz_MessageBuilder.o
#        E:\Projekte\TxV2\STM32\TxV2_V2.0\EWARM\TxV2\Obj\App_868MHz_Sequencer.o
#        E:\Projekte\TxV2\STM32\TxV2_V2.0\EWARM\TxV2\Obj\App_Button_Barrelroll.o
#        E:\Projekte\TxV2\STM32\TxV2_V2.0\EWARM\TxV2\Obj\App_Misc.o
#        E:\Projekte\TxV2\STM32\TxV2_V2.0\EWARM\TxV2\Obj\App_PowerModeTest.o
#        E:\Projekte\TxV2\STM32\TxV2_V2.0\EWARM\TxV2\Obj\App_RSL.o
#        E:\Projekte\TxV2\STM32\TxV2_V2.0\EWARM\TxV2\Obj\APP_RSL_Interaction_Broadcast.o
#        E:\Projekte\TxV2\STM32\TxV2_V2.0\EWARM\TxV2\Obj\App_RSL_Interaction_Emergency.o
#        E:\Projekte\TxV2\STM32\TxV2_V2.0\EWARM\TxV2\Obj\App_RSL_Interaction_Pairing.o
#        E:\Projekte\TxV2\STM32\TxV2_V2.0\EWARM\TxV2\Obj\Batterylevel.o
#        E:\Projekte\TxV2\STM32\TxV2_V2.0\EWARM\TxV2\Obj\BehaviourController.o
#        E:\Projekte\TxV2\STM32\TxV2_V2.0\EWARM\TxV2\Obj\BehaviourStepV115_BC_End.o
#        E:\Projekte\TxV2\STM32\TxV2_V2.0\EWARM\TxV2\Obj\BehaviourStepV115_BC_Start.o
#        E:\Projekte\TxV2\STM32\TxV2_V2.0\EWARM\TxV2\Obj\BehaviourStepV115_BC_Wait_TO.o
#        E:\Projekte\TxV2\STM32\TxV2_V2.0\EWARM\TxV2\Obj\BehaviourStepV115_CharAlert.o
#        E:\Projekte\TxV2\STM32\TxV2_V2.0\EWARM\TxV2\Obj\BehaviourStepV115_CharBattery.o
#        E:\Projekte\TxV2\STM32\TxV2_V2.0\EWARM\TxV2\Obj\BehaviourStepV115_CharError.o
#        E:\Projekte\TxV2\STM32\TxV2_V2.0\EWARM\TxV2\Obj\BehaviourStepV115_Pairing.o
#        E:\Projekte\TxV2\STM32\TxV2_V2.0\EWARM\TxV2\Obj\BehaviourStepV115_RemovePD.o
#        E:\Projekte\TxV2\STM32\TxV2_V2.0\EWARM\TxV2\Obj\BehaviourStepV115_Sleep.o
#        E:\Projekte\TxV2\STM32\TxV2_V2.0\EWARM\TxV2\Obj\BehaviourStepV115_Start.o
#        E:\Projekte\TxV2\STM32\TxV2_V2.0\EWARM\TxV2\Obj\BehaviourV115_Alert.o
#        E:\Projekte\TxV2\STM32\TxV2_V2.0\EWARM\TxV2\Obj\BehaviourV115_AlertBase.o
#        E:\Projekte\TxV2\STM32\TxV2_V2.0\EWARM\TxV2\Obj\BehaviourV115_Battery.o
#        E:\Projekte\TxV2\STM32\TxV2_V2.0\EWARM\TxV2\Obj\BehaviourV115_BC.o
#        E:\Projekte\TxV2\STM32\TxV2_V2.0\EWARM\TxV2\Obj\BehaviourV115_Error.o
#        E:\Projekte\TxV2\STM32\TxV2_V2.0\EWARM\TxV2\Obj\BehaviourV115_Pairing.o
#        E:\Projekte\TxV2\STM32\TxV2_V2.0\EWARM\TxV2\Obj\BehaviourV115_ResetAlert.o
#        E:\Projekte\TxV2\STM32\TxV2_V2.0\EWARM\TxV2\Obj\BehaviourV115_SetAllCharacteristics.o
#        E:\Projekte\TxV2\STM32\TxV2_V2.0\EWARM\TxV2\Obj\Bitstuffing.o
#        E:\Projekte\TxV2\STM32\TxV2_V2.0\EWARM\TxV2\Obj\Bootsource.o
#        E:\Projekte\TxV2\STM32\TxV2_V2.0\EWARM\TxV2\Obj\CRC.o
#        E:\Projekte\TxV2\STM32\TxV2_V2.0\EWARM\TxV2\Obj\CRC_Software.o
#        E:\Projekte\TxV2\STM32\TxV2_V2.0\EWARM\TxV2\Obj\DebugMain.o
#        E:\Projekte\TxV2\STM32\TxV2_V2.0\EWARM\TxV2\Obj\DMA.o
#        E:\Projekte\TxV2\STM32\TxV2_V2.0\EWARM\TxV2\Obj\EEPROM_Access.o
#        E:\Projekte\TxV2\STM32\TxV2_V2.0\EWARM\TxV2\Obj\EEPROM_ApplicationMapped.o
#        E:\Projekte\TxV2\STM32\TxV2_V2.0\EWARM\TxV2\Obj\EEPROM_Map.o
#        E:\Projekte\TxV2\STM32\TxV2_V2.0\EWARM\TxV2\Obj\EEPROMCheck.o
#        E:\Projekte\TxV2\STM32\TxV2_V2.0\EWARM\TxV2\Obj\ErrorHandling.o
#        E:\Projekte\TxV2\STM32\TxV2_V2.0\EWARM\TxV2\Obj\FlashCheck.o
#        E:\Projekte\TxV2\STM32\TxV2_V2.0\EWARM\TxV2\Obj\GlobalVariables.o
#        E:\Projekte\TxV2\STM32\TxV2_V2.0\EWARM\TxV2\Obj\GPIO.o
#        E:\Projekte\TxV2\STM32\TxV2_V2.0\EWARM\TxV2\Obj\Handler_NAK_Transmission.o
#        E:\Projekte\TxV2\STM32\TxV2_V2.0\EWARM\TxV2\Obj\Handler_Timer.o
#        E:\Projekte\TxV2\STM32\TxV2_V2.0\EWARM\TxV2\Obj\Headeradd.o
#        E:\Projekte\TxV2\STM32\TxV2_V2.0\EWARM\TxV2\Obj\Helperfunction.o
#        E:\Projekte\TxV2\STM32\TxV2_V2.0\EWARM\TxV2\Obj\Led.o
#        E:\Projekte\TxV2\STM32\TxV2_V2.0\EWARM\TxV2\Obj\Logic.o
#        E:\Projekte\TxV2\STM32\TxV2_V2.0\EWARM\TxV2\Obj\main.o
#        E:\Projekte\TxV2\STM32\TxV2_V2.0\EWARM\TxV2\Obj\MessageIOBuffer.o
#        E:\Projekte\TxV2\STM32\TxV2_V2.0\EWARM\TxV2\Obj\NRZ.o
#        E:\Projekte\TxV2\STM32\TxV2_V2.0\EWARM\TxV2\Obj\Parser.o
#        E:\Projekte\TxV2\STM32\TxV2_V2.0\EWARM\TxV2\Obj\Protokol_Fehler.o
#        E:\Projekte\TxV2\STM32\TxV2_V2.0\EWARM\TxV2\Obj\Ringbuffer.o
#        E:\Projekte\TxV2\STM32\TxV2_V2.0\EWARM\TxV2\Obj\RingbufferWrapper.o
#        E:\Projekte\TxV2\STM32\TxV2_V2.0\EWARM\TxV2\Obj\RSL_Protocol_Lower_Level_Test.o
#        E:\Projekte\TxV2\STM32\TxV2_V2.0\EWARM\TxV2\Obj\RSL_Protocol_Upper_Level_Behaviours_Test.o
#        E:\Projekte\TxV2\STM32\TxV2_V2.0\EWARM\TxV2\Obj\RSL_Protocol_Upper_Level_Steps_Test.o
#        E:\Projekte\TxV2\STM32\TxV2_V2.0\EWARM\TxV2\Obj\RTC.o
#        E:\Projekte\TxV2\STM32\TxV2_V2.0\EWARM\TxV2\Obj\Runmode_Awake.o
#        E:\Projekte\TxV2\STM32\TxV2_V2.0\EWARM\TxV2\Obj\Runmode_Sleep.o
#        E:\Projekte\TxV2\STM32\TxV2_V2.0\EWARM\TxV2\Obj\Runmode_Watchdog.o
#        E:\Projekte\TxV2\STM32\TxV2_V2.0\EWARM\TxV2\Obj\S2LP.o
#        E:\Projekte\TxV2\STM32\TxV2_V2.0\EWARM\TxV2\Obj\S2LP_Configuration.o
#        E:\Projekte\TxV2\STM32\TxV2_V2.0\EWARM\TxV2\Obj\SPI.o
#        E:\Projekte\TxV2\STM32\TxV2_V2.0\EWARM\TxV2\Obj\startup_stm32l051xx.o
#        E:\Projekte\TxV2\STM32\TxV2_V2.0\EWARM\TxV2\Obj\stm32l0xx_hal.o
#        E:\Projekte\TxV2\STM32\TxV2_V2.0\EWARM\TxV2\Obj\stm32l0xx_hal_adc.o
#        E:\Projekte\TxV2\STM32\TxV2_V2.0\EWARM\TxV2\Obj\stm32l0xx_hal_adc_ex.o
#        E:\Projekte\TxV2\STM32\TxV2_V2.0\EWARM\TxV2\Obj\stm32l0xx_hal_cortex.o
#        E:\Projekte\TxV2\STM32\TxV2_V2.0\EWARM\TxV2\Obj\stm32l0xx_hal_crc.o
#        E:\Projekte\TxV2\STM32\TxV2_V2.0\EWARM\TxV2\Obj\stm32l0xx_hal_crc_ex.o
#        E:\Projekte\TxV2\STM32\TxV2_V2.0\EWARM\TxV2\Obj\stm32l0xx_hal_dma.o
#        E:\Projekte\TxV2\STM32\TxV2_V2.0\EWARM\TxV2\Obj\stm32l0xx_hal_flash.o
#        E:\Projekte\TxV2\STM32\TxV2_V2.0\EWARM\TxV2\Obj\stm32l0xx_hal_flash_ex.o
#        E:\Projekte\TxV2\STM32\TxV2_V2.0\EWARM\TxV2\Obj\stm32l0xx_hal_flash_ramfunc.o
#        E:\Projekte\TxV2\STM32\TxV2_V2.0\EWARM\TxV2\Obj\stm32l0xx_hal_gpio.o
#        E:\Projekte\TxV2\STM32\TxV2_V2.0\EWARM\TxV2\Obj\stm32l0xx_hal_i2c.o
#        E:\Projekte\TxV2\STM32\TxV2_V2.0\EWARM\TxV2\Obj\stm32l0xx_hal_i2c_ex.o
#        E:\Projekte\TxV2\STM32\TxV2_V2.0\EWARM\TxV2\Obj\stm32l0xx_hal_iwdg.o
#        E:\Projekte\TxV2\STM32\TxV2_V2.0\EWARM\TxV2\Obj\stm32l0xx_hal_msp.o
#        E:\Projekte\TxV2\STM32\TxV2_V2.0\EWARM\TxV2\Obj\stm32l0xx_hal_pwr.o
#        E:\Projekte\TxV2\STM32\TxV2_V2.0\EWARM\TxV2\Obj\stm32l0xx_hal_pwr_ex.o
#        E:\Projekte\TxV2\STM32\TxV2_V2.0\EWARM\TxV2\Obj\stm32l0xx_hal_rcc.o
#        E:\Projekte\TxV2\STM32\TxV2_V2.0\EWARM\TxV2\Obj\stm32l0xx_hal_rcc_ex.o
#        E:\Projekte\TxV2\STM32\TxV2_V2.0\EWARM\TxV2\Obj\stm32l0xx_hal_rtc.o
#        E:\Projekte\TxV2\STM32\TxV2_V2.0\EWARM\TxV2\Obj\stm32l0xx_hal_rtc_ex.o
#        E:\Projekte\TxV2\STM32\TxV2_V2.0\EWARM\TxV2\Obj\stm32l0xx_hal_spi.o
#        E:\Projekte\TxV2\STM32\TxV2_V2.0\EWARM\TxV2\Obj\stm32l0xx_hal_tim.o
#        E:\Projekte\TxV2\STM32\TxV2_V2.0\EWARM\TxV2\Obj\stm32l0xx_hal_tim_ex.o
#        E:\Projekte\TxV2\STM32\TxV2_V2.0\EWARM\TxV2\Obj\stm32l0xx_hal_uart.o
#        E:\Projekte\TxV2\STM32\TxV2_V2.0\EWARM\TxV2\Obj\stm32l0xx_hal_uart_ex.o
#        E:\Projekte\TxV2\STM32\TxV2_V2.0\EWARM\TxV2\Obj\stm32l0xx_it.o
#        E:\Projekte\TxV2\STM32\TxV2_V2.0\EWARM\TxV2\Obj\system_stm32l0xx.o
#        E:\Projekte\TxV2\STM32\TxV2_V2.0\EWARM\TxV2\Obj\Tools.o
#        E:\Projekte\TxV2\STM32\TxV2_V2.0\EWARM\TxV2\Obj\Tx_CommandExecuter.o
#        E:\Projekte\TxV2\STM32\TxV2_V2.0\EWARM\TxV2\Obj\Tx_Interpreter.o
#        E:\Projekte\TxV2\STM32\TxV2_V2.0\EWARM\TxV2\Obj\Tx_Interpreter_Messages.o
#        E:\Projekte\TxV2\STM32\TxV2_V2.0\EWARM\TxV2\Obj\Tx_Misc.o
#        E:\Projekte\TxV2\STM32\TxV2_V2.0\EWARM\TxV2\Obj\UART_RSL.o
#        E:\Projekte\TxV2\STM32\TxV2_V2.0\EWARM\TxV2\Obj\UART_Tester.o
#        E:\Projekte\TxV2\STM32\TxV2_V2.0\EWARM\TxV2\Obj\Userbutton.o
#        E:\Projekte\TxV2\STM32\TxV2_V2.0\EWARM\TxV2\Obj\UserMethods_Characteristics.o
#        E:\Projekte\TxV2\STM32\TxV2_V2.0\EWARM\TxV2\Obj\UserMethods_RSL10_Control.o
#        E:\Projekte\TxV2\STM32\TxV2_V2.0\EWARM\TxV2\Obj\UserMethods_UART.o
#        E:\Projekte\TxV2\STM32\TxV2_V2.0\EWARM\TxV2\Obj\ValidMessages.o
#        E:\Projekte\TxV2\STM32\TxV2_V2.0\EWARM\TxV2\Obj\Watchdog.o --redirect
#        _Printf=_PrintfFull --redirect _Scanf=_ScanfFull --no_out_extension -o
#        E:\Projekte\TxV2\STM32\TxV2_V2.0\EWARM\TxV2\Exe\TxV2.out --map
#        E:\Projekte\TxV2\STM32\TxV2_V2.0\EWARM\TxV2\List\TxV2.map --config
#        E:\Projekte\TxV2\STM32\TxV2_V2.0\EWARM/stm32l051xx_flash.icf --entry
#        __iar_program_start --vfe --text_out locale)
#
###############################################################################

*******************************************************************************
*** RUNTIME MODEL ATTRIBUTES
***

CppFlavor       = *
__Heap_Handler  = DLMalloc
__SystemLibrary = DLib
__dlib_version  = 6


*******************************************************************************
*** HEAP SELECTION
***

The advanced heap was selected because the application calls memory
allocation functions outside of system library functions, and there
are calls to deallocation functions in the application.


*******************************************************************************
*** PLACEMENT SUMMARY
***

"A0":  place at address 0x800'0000 { ro section .intvec };
"P1":  place in [from 0x800'0000 to 0x800'ffff] { ro };
define block CSTACK with size = 1K, alignment = 8 { };
define block HEAP with size = 512, alignment = 8 { };
"P2":  place in [from 0x2000'0000 to 0x2000'1fff] {
          rw, block CSTACK, block HEAP };
initialize by copy { rw };

  Section            Kind         Address    Size  Object
  -------            ----         -------    ----  ------
"A0":                                        0xc0
  .intvec            ro code   0x800'0000    0xc0  startup_stm32l051xx.o [1]
                             - 0x800'00c0    0xc0

"P1":                                      0xa4b2
  .text              ro code   0x800'00c0   0xc84  Tx_CommandExecuter.o [1]
  .text              ro code   0x800'0d44   0x15c  Tx_Misc.o [1]
  .text              ro code   0x800'0ea0    0xce  Ringbuffer.o [1]
  .text              ro code   0x800'0f6e    0x7e  lz77_init_single.o [3]
  .text              ro code   0x800'0fec    0x4c  Batterylevel.o [1]
  .text              ro code   0x800'1038   0x1bc  Tools.o [1]
  .text              ro code   0x800'11f4   0x2f2  EEPROM_ApplicationMapped.o [1]
  .rodata            const     0x800'14e6     0x2  App_868MHz_MessageBuilder.o [1]
  .text              ro code   0x800'14e8   0x39e  S2LP.o [1]
  .rodata            const     0x800'1886     0x2  S2LP.o [1]
  .text              ro code   0x800'1888    0x8c  Led.o [1]
  .text              ro code   0x800'1914   0x668  GPIO.o [1]
  .text              ro code   0x800'1f7c    0x22  stm32l0xx_hal.o [1]
  .rodata            const     0x800'1f9e     0x2  Tx_Misc.o [1]
  .text              ro code   0x800'1fa0   0x2b8  ADC.o [1]
  .text              ro code   0x800'2258    0xd8  Userbutton.o [1]
  .text              ro code   0x800'2330    0xe0  I32DivModFast.o [3]
  .text              ro code   0x800'2410   0x212  EEPROM_Access.o [1]
  .rodata            const     0x800'2622     0x2  Tx_Misc.o [1]
  .text              ro code   0x800'2624   0x15c  App_RSL_Interaction_Pairing.o [1]
  .text              ro code   0x800'2780    0x78  UserMethods_Characteristics.o [1]
  .text              ro code   0x800'27f8   0x1fc  App_RSL.o [1]
  .text              ro code   0x800'29f4    0xac  UART_Tester.o [1]
  .text              ro code   0x800'2aa0    0x4e  ABImemcpy.o [3]
  .rodata            const     0x800'2aee     0x2  Tx_Misc.o [1]
  .text              ro code   0x800'2af0     0x8  EEPROM_Map.o [1]
  .text              ro code   0x800'2af8    0x38  S2LP_Configuration.o [1]
  .text              ro code   0x800'2b30   0x57c  stm32l0xx_hal_spi.o [1]
  .text              ro code   0x800'30ac    0x54  SPI.o [1]
  .text              ro code   0x800'3100   0x3a4  stm32l0xx_hal_gpio.o [1]
  .text              ro code   0x800'34a4    0x4e  ABImemset.o [3]
  .text              ro code   0x800'34f2     0x2  startup_stm32l051xx.o [1]
  .text              ro code   0x800'34f4     0xc  stm32l0xx_hal.o [1]
  .text              ro code   0x800'3500   0x14c  stm32l0xx_hal_adc_ex.o [1]
  .text              ro code   0x800'364c    0xfc  RTC.o [1]
  .text              ro code   0x800'3748   0x70c  stm32l0xx_hal_adc.o [1]
  .text              ro code   0x800'3e54    0x98  ErrorHandling.o [1]
  .text              ro code   0x800'3eec    0x70  Watchdog.o [1]
  .text              ro code   0x800'3f5c     0x2  IntDivZer.o [3]
  .text              ro code   0x800'3f5e     0x2  startup_stm32l051xx.o [1]
  .text              ro code   0x800'3f60   0x114  stm32l0xx_hal_flash_ex.o [1]
  .text              ro code   0x800'4074    0x3a  EEPROMCheck.o [1]
  .text              ro code   0x800'40ae     0x2  startup_stm32l051xx.o [1]
  .text              ro code   0x800'40b0   0x2f4  App_Misc.o [1]
  .text              ro code   0x800'43a4    0xb0  UART_RSL.o [1]
  .text              ro code   0x800'4454   0x3a4  Logic.o [1]
  .text              ro code   0x800'47f8    0x68  Handler_Timer.o [1]
  .text              ro code   0x800'4860   0x188  BehaviourController.o [1]
  .text              ro code   0x800'49e8   0xc10  stm32l0xx_hal_uart.o [1]
  .text              ro code   0x800'55f8   0x28c  stm32l0xx_hal_msp.o [1]
  .text              ro code   0x800'5884    0xb6  stm32l0xx_hal_dma.o [1]
  .text              ro code   0x800'593a     0x2  stm32l0xx_hal_spi.o [1]
  .text              ro code   0x800'593c   0x210  stm32l0xx_hal_rtc_ex.o [1]
  .text              ro code   0x800'5b4c   0x15c  stm32l0xx_hal_rtc.o [1]
  .text              ro code   0x800'5ca8    0x40  stm32l0xx_hal_pwr.o [1]
  .text              ro code   0x800'5ce8    0x74  stm32l0xx_hal_iwdg.o [1]
  .text              ro code   0x800'5d5c   0x140  stm32l0xx_hal_flash.o [1]
  .text              ro code   0x800'5e9c    0xc8  CRC.o [1]
  .text              ro code   0x800'5f64   0x416  MessageIOBuffer.o [1]
  .text              ro code   0x800'637a    0x40  UserMethods_UART.o [1]
  .text              ro code   0x800'63ba     0x2  startup_stm32l051xx.o [1]
  .text              ro code   0x800'63bc   0x204  Parser.o [1]
  .text              ro code   0x800'65c0    0x44  Handler_NAK_Transmission.o [1]
  .text              ro code   0x800'6604    0x20  ValidMessages.o [1]
  .text              ro code   0x800'6624    0x42  CRC_Software.o [1]
  .text              ro code   0x800'6666     0x2  startup_stm32l051xx.o [1]
  .text              ro code   0x800'6668    0x48  main.o [1]
  .text              ro code   0x800'66b0     0x2  stm32l0xx_hal_uart_ex.o [1]
  .text              ro code   0x800'66b2     0x2  startup_stm32l051xx.o [1]
  .text              ro code   0x800'66b4   0x7f4  stm32l0xx_hal_rcc.o [1]
  .text              ro code   0x800'6ea8    0x32  I64Mul.o [3]
  .text              ro code   0x800'6eda    0x6a  I64DivMod.o [3]
  .text              ro code   0x800'6f44     0x2  stm32l0xx_hal_uart.o [1]
  .text              ro code   0x800'6f46     0x2  startup_stm32l051xx.o [1]
  .text              ro code   0x800'6f48   0x134  stm32l0xx_hal_cortex.o [1]
  .text              ro code   0x800'707c    0x14  memset.o [3]
  .text              ro code   0x800'7090     0x2  stm32l0xx_hal_rtc_ex.o [1]
  .text              ro code   0x800'7092     0x2  startup_stm32l051xx.o [1]
  .text              ro code   0x800'7094   0x230  stm32l0xx_hal_crc.o [1]
  .text              ro code   0x800'72c4    0x74  RingbufferWrapper.o [1]
  .text              ro code   0x800'7338   0x1b4  App.o [1]
  .text              ro code   0x800'74ec   0x1e8  Tx_Interpreter.o [1]
  .text              ro code   0x800'76d4    0x38  stm32l0xx_hal.o [1]
  .text              ro code   0x800'770c     0x2  I64DivZer.o [3]
  .text              ro code   0x800'770e    0x74  stm32l0xx_hal_crc_ex.o [1]
  .text              ro code   0x800'7782     0x2  startup_stm32l051xx.o [1]
  .text              ro code   0x800'7784    0x3e  FlashCheck.o [1]
  .text              ro code   0x800'77c2     0x2  startup_stm32l051xx.o [1]
  .text              ro code   0x800'77c4   0x180  Runmode_Awake.o [1]
  .text              ro code   0x800'7944    0xa4  Bootsource.o [1]
  .text              ro code   0x800'79e8   0x278  Runmode_Sleep.o [1]
  .text              ro code   0x800'7c60   0x140  App_868MHz.o [1]
  .text              ro code   0x800'7da0   0x130  APP_RSL_Interaction_Broadcast.o [1]
  .text              ro code   0x800'7ed0   0x134  App_RSL_Interaction_Emergency.o [1]
  .text              ro code   0x800'8004   0x162  Tx_Interpreter_Messages.o [1]
  .text              ro code   0x800'8166     0x2  startup_stm32l051xx.o [1]
  .text              ro code   0x800'8168   0x1cc  stm32l0xx_hal_rcc_ex.o [1]
  .text              ro code   0x800'8334    0x1e  stm32l0xx_hal.o [1]
  .text              ro code   0x800'8352     0x2  startup_stm32l051xx.o [1]
  .text              ro code   0x800'8354    0x10  stm32l0xx_hal.o [1]
  .text              ro code   0x800'8364    0x20  stm32l0xx_hal_pwr_ex.o [1]
  .text              ro code   0x800'8384    0x98  App_868MHz_Sequencer.o [1]
  .text              ro code   0x800'841c    0xc8  App_868MHz_MessageBuilder.o [1]
  .text              ro code   0x800'84e4    0x76  Bitstuffing.o [1]
  .text              ro code   0x800'855a    0xc0  NRZ.o [1]
  .text              ro code   0x800'861a    0x84  Headeradd.o [1]
  .text              ro code   0x800'869e   0x106  Helperfunction.o [1]
  .text              ro code   0x800'87a4   0x2c4  BehaviourV115_Battery.o [1]
  .text              ro code   0x800'8a68   0x258  BehaviourStepV115_Start.o [1]
  .text              ro code   0x800'8cc0    0x10  UserMethods_RSL10_Control.o [1]
  .text              ro code   0x800'8cd0   0x254  BehaviourV115_SetAllCharacteristics.o [1]
  .text              ro code   0x800'8f24   0x248  BehaviourV115_AlertBase.o [1]
  .text              ro code   0x800'916c   0x164  BehaviourStepV115_BC_Wait_TO.o [1]
  .text              ro code   0x800'92d0   0x150  BehaviourV115_Pairing.o [1]
  .text              ro code   0x800'9420   0x114  BehaviourStepV115_CharAlert.o [1]
  .text              ro code   0x800'9534   0x114  BehaviourStepV115_CharBattery.o [1]
  .text              ro code   0x800'9648   0x114  BehaviourStepV115_CharError.o [1]
  .text              ro code   0x800'975c   0x10c  BehaviourStepV115_BC_Start.o [1]
  .text              ro code   0x800'9868   0x10c  BehaviourStepV115_Pairing.o [1]
  .text              ro code   0x800'9974   0x108  BehaviourStepV115_BC_End.o [1]
  .rodata            const     0x800'9a7c   0x100  S2LP.o [1]
  .text              ro code   0x800'9b7c    0xf4  BehaviourStepV115_Sleep.o [1]
  .rodata            const     0x800'9c70    0x9c  AllParams.o [1]
  .text              ro code   0x800'9d0c    0x70  system_stm32l0xx.o [1]
  .rodata            const     0x800'9d7c    0x64  ValidMessages.o [1]
  .text              ro code   0x800'9de0    0x50  stm32l0xx_it.o [1]
  .text              ro code   0x800'9e30    0x10  stm32l0xx_hal.o [1]
  .rodata            const     0x800'9e40    0x4c  Tx_Interpreter_Messages.o [1]
  .rodata            const     0x800'9e8c    0x3c  ValidMessages.o [1]
  .text              ro code   0x800'9ec8    0x3c  zero_init3.o [3]
  .text              ro code   0x800'9f04    0x28  data_init.o [3]
  .iar.init_table    const     0x800'9f2c    0x20  - Linker created -
  .text              ro code   0x800'9f4c    0x1e  cmain.o [3]
  .text              ro code   0x800'9f6a     0x4  low_level_init.o [2]
  .text              ro code   0x800'9f6e     0x8  exit.o [2]
  .text              ro code   0x800'9f76     0x2  startup_stm32l051xx.o [1]
  .text              ro code   0x800'9f78     0xa  cexit.o [3]
  .text              ro code   0x800'9f82     0x2  startup_stm32l051xx.o [1]
  .text              ro code   0x800'9f84     0xc  XXexit.o [3]
  .text              ro code   0x800'9f90    0x1c  cstartup_M.o [3]
  .rodata            const     0x800'9fac    0x14  Tx_Misc.o [1]
  .rodata            const     0x800'9fc0    0x14  Tx_Misc.o [1]
  .rodata            const     0x800'9fd4    0x14  Tx_Misc.o [1]
  .rodata            const     0x800'9fe8    0x14  Tx_Misc.o [1]
  .rodata            const     0x800'9ffc    0x10  system_stm32l0xx.o [1]
  .rodata            const     0x800'a00c    0x10  Tx_Misc.o [1]
  .text              ro code   0x800'a01c    0x10  startup_stm32l051xx.o [1]
  .rodata            const     0x800'a02c     0xc  system_stm32l0xx.o [1]
  .rodata            const     0x800'a038     0x8  system_stm32l0xx.o [1]
  .rodata            const     0x800'a040     0x4  BehaviourV115_AlertBase.o [1]
  .rodata            const     0x800'a044     0x4  BehaviourV115_AlertBase.o [1]
  .rodata            const     0x800'a048     0x4  BehaviourV115_AlertBase.o [1]
  .rodata            const     0x800'a04c     0x4  BehaviourV115_AlertBase.o [1]
  .rodata            const     0x800'a050     0x4  BehaviourV115_AlertBase.o [1]
  .rodata            const     0x800'a054     0x4  BehaviourV115_AlertBase.o [1]
  .rodata            const     0x800'a058     0x4  BehaviourV115_AlertBase.o [1]
  .rodata            const     0x800'a05c     0x4  BehaviourV115_AlertBase.o [1]
  .rodata            const     0x800'a060     0x4  BehaviourV115_AlertBase.o [1]
  .rodata            const     0x800'a064     0x4  BehaviourV115_AlertBase.o [1]
  .rodata            const     0x800'a068     0x4  BehaviourV115_AlertBase.o [1]
  .rodata            const     0x800'a06c     0x4  BehaviourV115_AlertBase.o [1]
  .rodata            const     0x800'a070     0x4  BehaviourV115_AlertBase.o [1]
  .rodata            const     0x800'a074     0x4  BehaviourV115_AlertBase.o [1]
  .rodata            const     0x800'a078     0x4  BehaviourV115_AlertBase.o [1]
  .rodata            const     0x800'a07c     0x4  BehaviourV115_AlertBase.o [1]
  .rodata            const     0x800'a080     0x4  BehaviourV115_AlertBase.o [1]
  .rodata            const     0x800'a084     0x4  BehaviourV115_AlertBase.o [1]
  .rodata            const     0x800'a088     0x4  BehaviourV115_AlertBase.o [1]
  .rodata            const     0x800'a08c     0x4  BehaviourV115_AlertBase.o [1]
  .rodata            const     0x800'a090     0x4  BehaviourV115_AlertBase.o [1]
  .rodata            const     0x800'a094     0x4  BehaviourV115_AlertBase.o [1]
  .rodata            const     0x800'a098     0x4  BehaviourV115_AlertBase.o [1]
  .rodata            const     0x800'a09c     0x4  BehaviourV115_AlertBase.o [1]
  .rodata            const     0x800'a0a0     0x4  BehaviourV115_AlertBase.o [1]
  .rodata            const     0x800'a0a4     0x4  BehaviourV115_AlertBase.o [1]
  .rodata            const     0x800'a0a8     0x4  BehaviourV115_AlertBase.o [1]
  .rodata            const     0x800'a0ac     0x4  BehaviourV115_AlertBase.o [1]
  .rodata            const     0x800'a0b0     0x4  BehaviourV115_AlertBase.o [1]
  .rodata            const     0x800'a0b4     0x4  BehaviourV115_AlertBase.o [1]
  .rodata            const     0x800'a0b8     0x4  BehaviourV115_AlertBase.o [1]
  .rodata            const     0x800'a0bc     0x4  BehaviourV115_AlertBase.o [1]
  .rodata            const     0x800'a0c0     0x4  BehaviourV115_AlertBase.o [1]
  .rodata            const     0x800'a0c4     0x4  BehaviourV115_AlertBase.o [1]
  .rodata            const     0x800'a0c8     0x4  BehaviourV115_AlertBase.o [1]
  .rodata            const     0x800'a0cc     0x4  BehaviourV115_AlertBase.o [1]
  .rodata            const     0x800'a0d0     0x4  BehaviourV115_AlertBase.o [1]
  .rodata            const     0x800'a0d4     0x4  BehaviourV115_AlertBase.o [1]
  .rodata            const     0x800'a0d8     0x4  BehaviourV115_AlertBase.o [1]
  .rodata            const     0x800'a0dc     0x4  BehaviourV115_AlertBase.o [1]
  .rodata            const     0x800'a0e0     0x4  BehaviourV115_AlertBase.o [1]
  .rodata            const     0x800'a0e4     0x4  BehaviourV115_AlertBase.o [1]
  .rodata            const     0x800'a0e8     0x4  BehaviourV115_AlertBase.o [1]
  .rodata            const     0x800'a0ec     0x4  BehaviourV115_AlertBase.o [1]
  .rodata            const     0x800'a0f0     0x4  BehaviourV115_AlertBase.o [1]
  .rodata            const     0x800'a0f4     0x4  BehaviourV115_Battery.o [1]
  .rodata            const     0x800'a0f8     0x4  BehaviourV115_Battery.o [1]
  .rodata            const     0x800'a0fc     0x4  BehaviourV115_Battery.o [1]
  .rodata            const     0x800'a100     0x4  BehaviourV115_Battery.o [1]
  .rodata            const     0x800'a104     0x4  BehaviourV115_Battery.o [1]
  .rodata            const     0x800'a108     0x4  BehaviourV115_Battery.o [1]
  .rodata            const     0x800'a10c     0x4  BehaviourV115_Battery.o [1]
  .rodata            const     0x800'a110     0x4  BehaviourV115_Battery.o [1]
  .rodata            const     0x800'a114     0x4  BehaviourV115_Battery.o [1]
  .rodata            const     0x800'a118     0x4  BehaviourV115_Battery.o [1]
  .rodata            const     0x800'a11c     0x4  BehaviourV115_Battery.o [1]
  .rodata            const     0x800'a120     0x4  BehaviourV115_Battery.o [1]
  .rodata            const     0x800'a124     0x4  BehaviourV115_Battery.o [1]
  .rodata            const     0x800'a128     0x4  BehaviourV115_Battery.o [1]
  .rodata            const     0x800'a12c     0x4  BehaviourV115_Battery.o [1]
  .rodata            const     0x800'a130     0x4  BehaviourV115_Battery.o [1]
  .rodata            const     0x800'a134     0x4  BehaviourV115_Battery.o [1]
  .rodata            const     0x800'a138     0x4  BehaviourV115_Battery.o [1]
  .rodata            const     0x800'a13c     0x4  BehaviourV115_Battery.o [1]
  .rodata            const     0x800'a140     0x4  BehaviourV115_Battery.o [1]
  .rodata            const     0x800'a144     0x4  BehaviourV115_Battery.o [1]
  .rodata            const     0x800'a148     0x4  BehaviourV115_Battery.o [1]
  .rodata            const     0x800'a14c     0x4  BehaviourV115_Battery.o [1]
  .rodata            const     0x800'a150     0x4  BehaviourV115_Battery.o [1]
  .rodata            const     0x800'a154     0x4  BehaviourV115_Battery.o [1]
  .rodata            const     0x800'a158     0x4  BehaviourV115_Battery.o [1]
  .rodata            const     0x800'a15c     0x4  BehaviourV115_Battery.o [1]
  .rodata            const     0x800'a160     0x4  BehaviourV115_Battery.o [1]
  .rodata            const     0x800'a164     0x4  BehaviourV115_Battery.o [1]
  .rodata            const     0x800'a168     0x4  BehaviourV115_Battery.o [1]
  .rodata            const     0x800'a16c     0x4  BehaviourV115_Battery.o [1]
  .rodata            const     0x800'a170     0x4  BehaviourV115_Battery.o [1]
  .rodata            const     0x800'a174     0x4  BehaviourV115_Battery.o [1]
  .rodata            const     0x800'a178     0x4  BehaviourV115_Battery.o [1]
  .rodata            const     0x800'a17c     0x4  BehaviourV115_Battery.o [1]
  .rodata            const     0x800'a180     0x4  BehaviourV115_Battery.o [1]
  .rodata            const     0x800'a184     0x4  BehaviourV115_Battery.o [1]
  .rodata            const     0x800'a188     0x4  BehaviourV115_Battery.o [1]
  .rodata            const     0x800'a18c     0x4  BehaviourV115_Battery.o [1]
  .rodata            const     0x800'a190     0x4  BehaviourV115_Battery.o [1]
  .rodata            const     0x800'a194     0x4  BehaviourV115_Battery.o [1]
  .rodata            const     0x800'a198     0x4  BehaviourV115_Battery.o [1]
  .rodata            const     0x800'a19c     0x4  BehaviourV115_Battery.o [1]
  .rodata            const     0x800'a1a0     0x4  BehaviourV115_Battery.o [1]
  .rodata            const     0x800'a1a4     0x4  BehaviourV115_Battery.o [1]
  .rodata            const     0x800'a1a8     0x4  BehaviourV115_Battery.o [1]
  .rodata            const     0x800'a1ac     0x4  BehaviourV115_Battery.o [1]
  .rodata            const     0x800'a1b0     0x4  BehaviourV115_Battery.o [1]
  .rodata            const     0x800'a1b4     0x4  BehaviourV115_Battery.o [1]
  .rodata            const     0x800'a1b8     0x4  BehaviourV115_Battery.o [1]
  .rodata            const     0x800'a1bc     0x4  BehaviourV115_Battery.o [1]
  .rodata            const     0x800'a1c0     0x4  BehaviourV115_Battery.o [1]
  .rodata            const     0x800'a1c4     0x4  BehaviourV115_Battery.o [1]
  .rodata            const     0x800'a1c8     0x4  BehaviourV115_Battery.o [1]
  .rodata            const     0x800'a1cc     0x4  BehaviourV115_Battery.o [1]
  .rodata            const     0x800'a1d0     0x4  BehaviourV115_Pairing.o [1]
  .rodata            const     0x800'a1d4     0x4  BehaviourV115_Pairing.o [1]
  .rodata            const     0x800'a1d8     0x4  BehaviourV115_Pairing.o [1]
  .rodata            const     0x800'a1dc     0x4  BehaviourV115_Pairing.o [1]
  .rodata            const     0x800'a1e0     0x4  BehaviourV115_Pairing.o [1]
  .rodata            const     0x800'a1e4     0x4  BehaviourV115_Pairing.o [1]
  .rodata            const     0x800'a1e8     0x4  BehaviourV115_Pairing.o [1]
  .rodata            const     0x800'a1ec     0x4  BehaviourV115_Pairing.o [1]
  .rodata            const     0x800'a1f0     0x4  BehaviourV115_Pairing.o [1]
  .rodata            const     0x800'a1f4     0x4  BehaviourV115_Pairing.o [1]
  .rodata            const     0x800'a1f8     0x4  BehaviourV115_Pairing.o [1]
  .rodata            const     0x800'a1fc     0x4  BehaviourV115_Pairing.o [1]
  .rodata            const     0x800'a200     0x4  BehaviourV115_Pairing.o [1]
  .rodata            const     0x800'a204     0x4  BehaviourV115_Pairing.o [1]
  .rodata            const     0x800'a208     0x4  BehaviourV115_Pairing.o [1]
  .rodata            const     0x800'a20c     0x4  BehaviourV115_Pairing.o [1]
  .rodata            const     0x800'a210     0x4  BehaviourV115_Pairing.o [1]
  .rodata            const     0x800'a214     0x4  BehaviourV115_Pairing.o [1]
  .rodata            const     0x800'a218     0x4  BehaviourV115_Pairing.o [1]
  .rodata            const     0x800'a21c     0x4  BehaviourV115_Pairing.o [1]
  .rodata            const     0x800'a220     0x4  BehaviourV115_Pairing.o [1]
  .rodata            const     0x800'a224     0x4  BehaviourV115_Pairing.o [1]
  .rodata            const     0x800'a228     0x4  BehaviourV115_Pairing.o [1]
  .rodata            const     0x800'a22c     0x4  BehaviourV115_Pairing.o [1]
  .rodata            const     0x800'a230     0x4  BehaviourV115_Pairing.o [1]
  .rodata            const     0x800'a234     0x4  BehaviourV115_Pairing.o [1]
  .rodata            const     0x800'a238     0x4  BehaviourV115_Pairing.o [1]
  .rodata            const     0x800'a23c     0x4  BehaviourV115_Pairing.o [1]
  .rodata            const     0x800'a240     0x4  BehaviourV115_SetAllCharacteristics.o [1]
  .rodata            const     0x800'a244     0x4  BehaviourV115_SetAllCharacteristics.o [1]
  .rodata            const     0x800'a248     0x4  BehaviourV115_SetAllCharacteristics.o [1]
  .rodata            const     0x800'a24c     0x4  BehaviourV115_SetAllCharacteristics.o [1]
  .rodata            const     0x800'a250     0x4  BehaviourV115_SetAllCharacteristics.o [1]
  .rodata            const     0x800'a254     0x4  BehaviourV115_SetAllCharacteristics.o [1]
  .rodata            const     0x800'a258     0x4  BehaviourV115_SetAllCharacteristics.o [1]
  .rodata            const     0x800'a25c     0x4  BehaviourV115_SetAllCharacteristics.o [1]
  .rodata            const     0x800'a260     0x4  BehaviourV115_SetAllCharacteristics.o [1]
  .rodata            const     0x800'a264     0x4  BehaviourV115_SetAllCharacteristics.o [1]
  .rodata            const     0x800'a268     0x4  BehaviourV115_SetAllCharacteristics.o [1]
  .rodata            const     0x800'a26c     0x4  BehaviourV115_SetAllCharacteristics.o [1]
  .rodata            const     0x800'a270     0x4  BehaviourV115_SetAllCharacteristics.o [1]
  .rodata            const     0x800'a274     0x4  BehaviourV115_SetAllCharacteristics.o [1]
  .rodata            const     0x800'a278     0x4  BehaviourV115_SetAllCharacteristics.o [1]
  .rodata            const     0x800'a27c     0x4  BehaviourV115_SetAllCharacteristics.o [1]
  .rodata            const     0x800'a280     0x4  BehaviourV115_SetAllCharacteristics.o [1]
  .rodata            const     0x800'a284     0x4  BehaviourV115_SetAllCharacteristics.o [1]
  .rodata            const     0x800'a288     0x4  BehaviourV115_SetAllCharacteristics.o [1]
  .rodata            const     0x800'a28c     0x4  BehaviourV115_SetAllCharacteristics.o [1]
  .rodata            const     0x800'a290     0x4  BehaviourV115_SetAllCharacteristics.o [1]
  .rodata            const     0x800'a294     0x4  BehaviourV115_SetAllCharacteristics.o [1]
  .rodata            const     0x800'a298     0x4  BehaviourV115_SetAllCharacteristics.o [1]
  .rodata            const     0x800'a29c     0x4  BehaviourV115_SetAllCharacteristics.o [1]
  .rodata            const     0x800'a2a0     0x4  BehaviourV115_SetAllCharacteristics.o [1]
  .rodata            const     0x800'a2a4     0x4  BehaviourV115_SetAllCharacteristics.o [1]
  .rodata            const     0x800'a2a8     0x4  BehaviourV115_SetAllCharacteristics.o [1]
  .rodata            const     0x800'a2ac     0x4  BehaviourV115_SetAllCharacteristics.o [1]
  .rodata            const     0x800'a2b0     0x4  BehaviourV115_SetAllCharacteristics.o [1]
  .rodata            const     0x800'a2b4     0x4  BehaviourV115_SetAllCharacteristics.o [1]
  .rodata            const     0x800'a2b8     0x4  BehaviourV115_SetAllCharacteristics.o [1]
  .rodata            const     0x800'a2bc     0x4  BehaviourV115_SetAllCharacteristics.o [1]
  .rodata            const     0x800'a2c0     0x4  BehaviourV115_SetAllCharacteristics.o [1]
  .rodata            const     0x800'a2c4     0x4  BehaviourV115_SetAllCharacteristics.o [1]
  .rodata            const     0x800'a2c8     0x4  BehaviourV115_SetAllCharacteristics.o [1]
  .rodata            const     0x800'a2cc     0x4  BehaviourV115_SetAllCharacteristics.o [1]
  .rodata            const     0x800'a2d0     0x4  BehaviourV115_SetAllCharacteristics.o [1]
  .rodata            const     0x800'a2d4     0x4  BehaviourV115_SetAllCharacteristics.o [1]
  .rodata            const     0x800'a2d8     0x4  BehaviourV115_SetAllCharacteristics.o [1]
  .rodata            const     0x800'a2dc     0x4  BehaviourV115_SetAllCharacteristics.o [1]
  .rodata            const     0x800'a2e0     0x4  BehaviourV115_SetAllCharacteristics.o [1]
  .rodata            const     0x800'a2e4     0x4  BehaviourV115_SetAllCharacteristics.o [1]
  .rodata            const     0x800'a2e8     0x4  BehaviourV115_SetAllCharacteristics.o [1]
  .rodata            const     0x800'a2ec     0x4  BehaviourV115_SetAllCharacteristics.o [1]
  .rodata            const     0x800'a2f0     0x4  BehaviourV115_SetAllCharacteristics.o [1]
  .text              ro code   0x800'a2f4     0x2  startup_stm32l051xx.o [1]
  .text              ro code   0x800'a2f6     0x2  startup_stm32l051xx.o [1]
  .text              ro code   0x800'a2f8     0x2  startup_stm32l051xx.o [1]
  .text              ro code   0x800'a2fa     0x2  startup_stm32l051xx.o [1]
  .text              ro code   0x800'a2fc     0x2  startup_stm32l051xx.o [1]
  .text              ro code   0x800'a2fe     0x2  startup_stm32l051xx.o [1]
  .rodata            const     0x800'a300     0x0  zero_init3.o [3]
  .rodata            const     0x800'a300     0x0  lz77_init_single.o [3]
  Initializer bytes  const     0x800'a300   0x272  <for P2-1>
                             - 0x800'a572  0xa4b2

Absolute sections:                          0x800
  .rodata            const     0x808'0000   0x800  EEPROM_Map.o [1]
                             - 0x808'0800   0x800

"P2", part 1 of 3:                          0x39e
  P2-1                        0x2000'0000   0x39e  <Init block>
    .data            inited   0x2000'0000     0xc  App_868MHz.o [1]
    .data            inited   0x2000'000c     0xc  App_868MHz.o [1]
    .data            inited   0x2000'0018    0x10  App_Misc.o [1]
    .data            inited   0x2000'0028    0x10  App_Misc.o [1]
    .data            inited   0x2000'0038    0xd0  BehaviourV115_AlertBase.o [1]
    .data            inited   0x2000'0108    0xf8  BehaviourV115_Battery.o [1]
    .data            inited   0x2000'0200    0x80  BehaviourV115_Pairing.o [1]
    .data            inited   0x2000'0280    0xd0  BehaviourV115_SetAllCharacteristics.o [1]
    .data            inited   0x2000'0350     0x4  Handler_NAK_Transmission.o [1]
    .data            inited   0x2000'0354     0x4  Logic.o [1]
    .data            inited   0x2000'0358    0x10  Parser.o [1]
    .data            inited   0x2000'0368    0x14  RingbufferWrapper.o [1]
    .data            inited   0x2000'037c     0x8  S2LP_Configuration.o [1]
    .data            inited   0x2000'0384     0x4  system_stm32l0xx.o [1]
    .data            inited   0x2000'0388    0x14  Tx_Interpreter.o [1]
    .data            inited   0x2000'039c     0x1  S2LP_Configuration.o [1]
    .data            inited   0x2000'039d     0x1  S2LP_Configuration.o [1]
                            - 0x2000'039e   0x39e

"P2", part 2 of 3:                          0xf0c
  .bss               zero     0x2000'03a0   0x708  App_868MHz.o [1]
  .bss               zero     0x2000'0aa8   0x100  RingbufferWrapper.o [1]
  .bss               zero     0x2000'0ba8    0xc8  Logic.o [1]
  .bss               zero     0x2000'0c70    0xc8  Logic.o [1]
  .bss               zero     0x2000'0d38    0xb4  Logic.o [1]
  .bss               zero     0x2000'0dec    0xb4  Logic.o [1]
  .bss               zero     0x2000'0ea0    0x80  main.o [1]
  .bss               zero     0x2000'0f20    0x80  main.o [1]
  .bss               zero     0x2000'0fa0    0x80  Tx_Interpreter.o [1]
  .bss               zero     0x2000'1020    0x5c  main.o [1]
  .bss               zero     0x2000'107c    0x58  main.o [1]
  .bss               zero     0x2000'10d4    0x24  App_868MHz.o [1]
  .bss               zero     0x2000'10f8    0x24  main.o [1]
  .bss               zero     0x2000'111c    0x24  main.o [1]
  .bss               zero     0x2000'1140    0x18  stm32l0xx_hal_flash.o [1]
  .bss               zero     0x2000'1158    0x10  App_RSL.o [1]
  .bss               zero     0x2000'1168    0x10  App_RSL.o [1]
  .bss               zero     0x2000'1178    0x10  BehaviourStepV115_BC_End.o [1]
  .bss               zero     0x2000'1188    0x10  BehaviourStepV115_BC_Start.o [1]
  .bss               zero     0x2000'1198    0x10  BehaviourStepV115_BC_Wait_TO.o [1]
  .bss               zero     0x2000'11a8    0x10  BehaviourStepV115_CharAlert.o [1]
  .bss               zero     0x2000'11b8    0x10  BehaviourStepV115_CharBattery.o [1]
  .bss               zero     0x2000'11c8    0x10  BehaviourStepV115_CharError.o [1]
  .bss               zero     0x2000'11d8    0x10  BehaviourStepV115_Pairing.o [1]
  .bss               zero     0x2000'11e8    0x10  BehaviourStepV115_Sleep.o [1]
  .bss               zero     0x2000'11f8    0x10  BehaviourStepV115_Start.o [1]
  .bss               zero     0x2000'1208    0x10  main.o [1]
  .bss               zero     0x2000'1218     0xc  Logic.o [1]
  .bss               zero     0x2000'1224     0xc  Logic.o [1]
  .bss               zero     0x2000'1230     0x8  App_868MHz_Sequencer.o [1]
  .bss               zero     0x2000'1238     0x4  BehaviourController.o [1]
  .bss               zero     0x2000'123c     0x4  BehaviourV115_AlertBase.o [1]
  .bss               zero     0x2000'1240     0x4  BehaviourV115_AlertBase.o [1]
  .bss               zero     0x2000'1244     0x4  BehaviourV115_AlertBase.o [1]
  .bss               zero     0x2000'1248     0x4  BehaviourV115_AlertBase.o [1]
  .bss               zero     0x2000'124c     0x4  BehaviourV115_AlertBase.o [1]
  .bss               zero     0x2000'1250     0x4  BehaviourV115_Battery.o [1]
  .bss               zero     0x2000'1254     0x4  BehaviourV115_Battery.o [1]
  .bss               zero     0x2000'1258     0x4  BehaviourV115_Battery.o [1]
  .bss               zero     0x2000'125c     0x4  BehaviourV115_Battery.o [1]
  .bss               zero     0x2000'1260     0x4  BehaviourV115_Battery.o [1]
  .bss               zero     0x2000'1264     0x4  BehaviourV115_Battery.o [1]
  .bss               zero     0x2000'1268     0x4  BehaviourV115_Pairing.o [1]
  .bss               zero     0x2000'126c     0x4  BehaviourV115_Pairing.o [1]
  .bss               zero     0x2000'1270     0x4  BehaviourV115_Pairing.o [1]
  .bss               zero     0x2000'1274     0x4  BehaviourV115_SetAllCharacteristics.o [1]
  .bss               zero     0x2000'1278     0x4  BehaviourV115_SetAllCharacteristics.o [1]
  .bss               zero     0x2000'127c     0x4  BehaviourV115_SetAllCharacteristics.o [1]
  .bss               zero     0x2000'1280     0x4  BehaviourV115_SetAllCharacteristics.o [1]
  .bss               zero     0x2000'1284     0x4  BehaviourV115_SetAllCharacteristics.o [1]
  .bss               zero     0x2000'1288     0x4  Handler_NAK_Transmission.o [1]
  .bss               zero     0x2000'128c     0x4  stm32l0xx_hal.o [1]
  .bss               zero     0x2000'1290     0x2  S2LP.o [1]
  .bss               zero     0x2000'1292     0x1  APP_RSL_Interaction_Broadcast.o [1]
  .bss               zero     0x2000'1293     0x1  App_RSL_Interaction_Emergency.o [1]
  .bss               zero     0x2000'1294     0x1  App_RSL_Interaction_Pairing.o [1]
  .bss               zero     0x2000'1295     0x1  BehaviourStepV115_BC_End.o [1]
  .bss               zero     0x2000'1296     0x1  BehaviourStepV115_BC_Start.o [1]
  .bss               zero     0x2000'1297     0x1  BehaviourStepV115_BC_Wait_TO.o [1]
  .bss               zero     0x2000'1298     0x1  BehaviourStepV115_CharAlert.o [1]
  .bss               zero     0x2000'1299     0x1  BehaviourStepV115_CharBattery.o [1]
  .bss               zero     0x2000'129a     0x1  BehaviourStepV115_CharError.o [1]
  .bss               zero     0x2000'129b     0x1  BehaviourStepV115_Pairing.o [1]
  .bss               zero     0x2000'129c     0x1  BehaviourStepV115_Sleep.o [1]
  .bss               zero     0x2000'129d     0x1  BehaviourStepV115_Start.o [1]
  .bss               zero     0x2000'129e     0x1  Handler_NAK_Transmission.o [1]
  .bss               zero     0x2000'129f     0x1  Parser.o [1]
  .bss               zero     0x2000'12a0     0x1  RingbufferWrapper.o [1]
  .bss               zero     0x2000'12a1     0x1  RTC.o [1]
  .bss               zero     0x2000'12a2     0x1  UART_RSL.o [1]
  .bss               zero     0x2000'12a3     0x1  UART_Tester.o [1]
  .bss               zero     0x2000'12a4     0x1  UserMethods_Characteristics.o [1]
  .bss               zero     0x2000'12a5     0x1  UserMethods_Characteristics.o [1]
  .bss               zero     0x2000'12a6     0x1  UserMethods_Characteristics.o [1]
  .bss               zero     0x2000'12a7     0x1  UserMethods_Characteristics.o [1]
  .bss               zero     0x2000'12a8     0x1  UserMethods_Characteristics.o [1]
                            - 0x2000'12a9   0xf09

"P2", part 3 of 3:                          0x400
  CSTACK                      0x2000'12b0   0x400  <Block>
    CSTACK           uninit   0x2000'12b0   0x400  <Block tail>
                            - 0x2000'16b0   0x400

Unused ranges:

         From           To    Size
         ----           --    ----
   0x800'a572   0x800'ffff  0x5a8e
  0x2000'039e  0x2000'039f     0x2
  0x2000'12ac  0x2000'12af     0x4
  0x2000'16b0  0x2000'1fff   0x950


*******************************************************************************
*** INIT TABLE
***

          Address      Size
          -------      ----
Zero (__iar_zero_init3)
    1 destination range, total size 0xf09:
          0x2000'03a0  0xf09

Copy/lz77 (__iar_lz77_init_single3)
    1 source range, total size 0x272 (67% of destination):
           0x800'a300  0x272
    1 destination range, total size 0x39e:
          0x2000'0000  0x39e



*******************************************************************************
*** MODULE SUMMARY
***

    Module                                 ro code  ro data  rw data  ro data
                                                                       (abs)
    ------                                 -------  -------  -------  -------
command line/config:
    -------------------------------------------------------------------------
    Total:

E:\Projekte\TxV2\STM32\TxV2_V2.0\EWARM\TxV2\Obj: [1]
    ADC.o                                      696
    APP_RSL_Interaction_Broadcast.o            304                 1
    AllParams.o                                         156
    App.o                                      436
    App_868MHz.o                               320       16    1'860
    App_868MHz_MessageBuilder.o                200        2
    App_868MHz_Sequencer.o                     152                 8
    App_Misc.o                                 756       21       32
    App_RSL.o                                  508                32
    App_RSL_Interaction_Emergency.o            308                 1
    App_RSL_Interaction_Pairing.o              348                 1
    Batterylevel.o                              76
    BehaviourController.o                      392                 4
    BehaviourStepV115_BC_End.o                 264                17
    BehaviourStepV115_BC_Start.o               268                17
    BehaviourStepV115_BC_Wait_TO.o             356                17
    BehaviourStepV115_CharAlert.o              276                17
    BehaviourStepV115_CharBattery.o            276                17
    BehaviourStepV115_CharError.o              276                17
    BehaviourStepV115_Pairing.o                268                17
    BehaviourStepV115_Sleep.o                  244                17
    BehaviourStepV115_Start.o                  600                17
    BehaviourV115_AlertBase.o                  584      321      228
    BehaviourV115_Battery.o                    708      388      272
    BehaviourV115_Pairing.o                    336      198      140
    BehaviourV115_SetAllCharacteristics.o      596      321      228
    Bitstuffing.o                              118
    Bootsource.o                               164
    CRC.o                                      200
    CRC_Software.o                              66
    EEPROMCheck.o                               58
    EEPROM_Access.o                            530
    EEPROM_ApplicationMapped.o                 754
    EEPROM_Map.o                                 8                      2'048
    ErrorHandling.o                            152
    FlashCheck.o                                62
    GPIO.o                                   1'640
    Handler_NAK_Transmission.o                  68        2        9
    Handler_Timer.o                            104
    Headeradd.o                                132
    Helperfunction.o                           262
    Led.o                                      140
    Logic.o                                    932        3      788
    MessageIOBuffer.o                        1'046
    NRZ.o                                      192
    Parser.o                                   516       11       17
    RTC.o                                      252                 1
    Ringbuffer.o                               206
    RingbufferWrapper.o                        116       14      277
    Runmode_Awake.o                            384
    Runmode_Sleep.o                            632
    S2LP.o                                     926      258        2
    S2LP_Configuration.o                        56        7       10
    SPI.o                                       84
    Tools.o                                    444
    Tx_CommandExecuter.o                     3'204
    Tx_Interpreter.o                           488       13      148
    Tx_Interpreter_Messages.o                  354       76
    Tx_Misc.o                                  348      102
    UART_RSL.o                                 176                 1
    UART_Tester.o                              172                 1
    UserMethods_Characteristics.o              120                 5
    UserMethods_RSL10_Control.o                 16
    UserMethods_UART.o                          64
    Userbutton.o                               216
    ValidMessages.o                             32      160
    Watchdog.o                                 112
    main.o                                      72               524
    startup_stm32l051xx.o                      248
    stm32l0xx_hal.o                            164                 4
    stm32l0xx_hal_adc.o                      1'804
    stm32l0xx_hal_adc_ex.o                     332
    stm32l0xx_hal_cortex.o                     308
    stm32l0xx_hal_crc.o                        560
    stm32l0xx_hal_crc_ex.o                     116
    stm32l0xx_hal_dma.o                        182
    stm32l0xx_hal_flash.o                      320                24
    stm32l0xx_hal_flash_ex.o                   276
    stm32l0xx_hal_gpio.o                       932
    stm32l0xx_hal_iwdg.o                       116
    stm32l0xx_hal_msp.o                        652
    stm32l0xx_hal_pwr.o                         64
    stm32l0xx_hal_pwr_ex.o                      32
    stm32l0xx_hal_rcc.o                      2'036
    stm32l0xx_hal_rcc_ex.o                     460
    stm32l0xx_hal_rtc.o                        348
    stm32l0xx_hal_rtc_ex.o                     530
    stm32l0xx_hal_spi.o                      1'406
    stm32l0xx_hal_uart.o                     3'090
    stm32l0xx_hal_uart_ex.o                      2
    stm32l0xx_it.o                              80
    system_stm32l0xx.o                         112       39        4
    -------------------------------------------------------------------------
    Total:                                  39'336    2'108    4'775    2'048

dl6M_tlf.a: [2]
    exit.o                                       8
    low_level_init.o                             4
    -------------------------------------------------------------------------
    Total:                                      12

rt6M_tl.a: [3]
    ABImemcpy.o                                 78
    ABImemset.o                                 78
    I32DivModFast.o                            224
    I64DivMod.o                                106
    I64DivZer.o                                  2
    I64Mul.o                                    50
    IntDivZer.o                                  2
    XXexit.o                                    12
    cexit.o                                     10
    cmain.o                                     30
    cstartup_M.o                                28
    data_init.o                                 40
    lz77_init_single.o                         126
    memset.o                                    20
    zero_init3.o                                60
    -------------------------------------------------------------------------
    Total:                                     866

    Linker created                                       32    1'024
-----------------------------------------------------------------------------
    Grand Total:                            40'214    2'140    5'799    2'048


*******************************************************************************
*** ENTRY LIST
***

Entry                       Address   Size  Type      Object
-----                       -------   ----  ----      ------
.iar.init_table$$Base    0x800'9f2c          --   Gb  - Linker created -
.iar.init_table$$Limit   0x800'9f4c          --   Gb  - Linker created -
?main                    0x800'9f4d         Code  Gb  cmain.o [3]
ADC_ConversionStop       0x800'3db9   0x62  Code  Lc  stm32l0xx_hal_adc.o [1]
ADC_DelayMicroSecond     0x800'3e25   0x22  Code  Lc  stm32l0xx_hal_adc.o [1]
ADC_Disable              0x800'3d31   0x88  Code  Lc  stm32l0xx_hal_adc.o [1]
ADC_Enable               0x800'3ca1   0x86  Code  Lc  stm32l0xx_hal_adc.o [1]
AHBPrescTable            0x800'9ffc   0x10  Data  Gb  system_stm32l0xx.o [1]
APBPrescTable            0x800'a038    0x8  Data  Gb  system_stm32l0xx.o [1]
Boot_CheckButtonDebounced
                         0x800'7945   0x36  Code  Gb  Bootsource.o [1]
Boot_CheckStartupEvent   0x800'797b   0x66  Code  Gb  Bootsource.o [1]
CRC_Handle_16            0x800'7287   0x3e  Code  Lc  stm32l0xx_hal_crc.o [1]
CRC_Handle_8             0x800'71d3   0xb4  Code  Lc  stm32l0xx_hal_crc.o [1]
CRC_Software_buildCRC    0x800'6625   0x1a  Code  Gb  CRC_Software.o [1]
CRC_Software_checkCRC    0x800'663f   0x28  Code  Gb  CRC_Software.o [1]
CSTACK$$Base            0x2000'12b0          --   Gb  - Linker created -
CSTACK$$Limit           0x2000'16b0          --   Gb  - Linker created -
Error_Handler_TxV2       0x800'3eeb    0x2  Code  Gb  ErrorHandling.o [1]
Error_ResetErrorWithAlert
                         0x800'3ee1    0xa  Code  Gb  ErrorHandling.o [1]
Error_SetError_EEPCorrupt
                         0x800'3e69   0x14  Code  Gb  ErrorHandling.o [1]
Error_SetError_FlashCorrupt
                         0x800'3e55   0x14  Code  Gb  ErrorHandling.o [1]
Error_SetError_OldAlert
                         0x800'3ecd   0x14  Code  Gb  ErrorHandling.o [1]
Error_SetError_RSL       0x800'3e91   0x14  Code  Gb  ErrorHandling.o [1]
Error_SetError_S2LP      0x800'3e7d   0x14  Code  Gb  ErrorHandling.o [1]
Error_SetError_UETriggered
                         0x800'3eb9   0x14  Code  Gb  ErrorHandling.o [1]
Error_SetError_WDTriggered
                         0x800'3ea5   0x14  Code  Gb  ErrorHandling.o [1]
FLASH_SetErrorCode       0x800'5dcd   0xcc  Code  Lc  stm32l0xx_hal_flash.o [1]
FLASH_WaitForLastOperation
                         0x800'5d5d   0x6e  Code  Gb  stm32l0xx_hal_flash.o [1]
HAL_ADCEx_Calibration_GetValue
                         0x800'35c5    0xc  Code  Gb  stm32l0xx_hal_adc_ex.o [1]
HAL_ADCEx_Calibration_SetValue
                         0x800'35d1   0x78  Code  Gb  stm32l0xx_hal_adc_ex.o [1]
HAL_ADCEx_Calibration_Start
                         0x800'3501   0xc4  Code  Gb  stm32l0xx_hal_adc_ex.o [1]
HAL_ADC_ConfigChannel    0x800'3bef   0xb0  Code  Gb  stm32l0xx_hal_adc.o [1]
HAL_ADC_DeInit           0x800'3953   0xc6  Code  Gb  stm32l0xx_hal_adc.o [1]
HAL_ADC_GetValue         0x800'3be9    0x6  Code  Gb  stm32l0xx_hal_adc.o [1]
HAL_ADC_Init             0x800'3749  0x20a  Code  Gb  stm32l0xx_hal_adc.o [1]
HAL_ADC_MspDeInit        0x800'5629   0x24  Code  Gb  stm32l0xx_hal_msp.o [1]
HAL_ADC_MspInit          0x800'5611   0x18  Code  Gb  stm32l0xx_hal_msp.o [1]
HAL_ADC_PollForConversion
                         0x800'3aed   0xd6  Code  Gb  stm32l0xx_hal_adc.o [1]
HAL_ADC_Start            0x800'3a19   0x6c  Code  Gb  stm32l0xx_hal_adc.o [1]
HAL_ADC_Stop             0x800'3a89   0x52  Code  Gb  stm32l0xx_hal_adc.o [1]
HAL_CRCEx_Polynomial_Set
                         0x800'770f   0x74  Code  Gb  stm32l0xx_hal_crc_ex.o [1]
HAL_CRC_Calculate        0x800'7167   0x6c  Code  Gb  stm32l0xx_hal_crc.o [1]
HAL_CRC_DeInit           0x800'7125   0x42  Code  Gb  stm32l0xx_hal_crc.o [1]
HAL_CRC_Init             0x800'7095   0x8a  Code  Gb  stm32l0xx_hal_crc.o [1]
HAL_CRC_MspDeInit        0x800'566d   0x16  Code  Gb  stm32l0xx_hal_msp.o [1]
HAL_CRC_MspInit          0x800'564d   0x20  Code  Gb  stm32l0xx_hal_msp.o [1]
HAL_DMA_Abort            0x800'5885   0x54  Code  Gb  stm32l0xx_hal_dma.o [1]
HAL_DMA_Abort_IT         0x800'58d9   0x5e  Code  Gb  stm32l0xx_hal_dma.o [1]
HAL_DMA_GetError         0x800'5937    0x4  Code  Gb  stm32l0xx_hal_dma.o [1]
HAL_Delay                0x800'1f7d   0x22  Code  Wk  stm32l0xx_hal.o [1]
HAL_FLASHEx_DATAEEPROM_Erase
                         0x800'3fa7   0x34  Code  Gb  stm32l0xx_hal_flash_ex.o [1]
HAL_FLASHEx_DATAEEPROM_Lock
                         0x800'3f99    0xe  Code  Gb  stm32l0xx_hal_flash_ex.o [1]
HAL_FLASHEx_DATAEEPROM_Program
                         0x800'3fdd   0x7a  Code  Gb  stm32l0xx_hal_flash_ex.o [1]
HAL_FLASHEx_DATAEEPROM_Unlock
                         0x800'3f61   0x34  Code  Gb  stm32l0xx_hal_flash_ex.o [1]
HAL_GPIO_DeInit          0x800'32fd  0x14a  Code  Gb  stm32l0xx_hal_gpio.o [1]
HAL_GPIO_Init            0x800'3101  0x1fc  Code  Gb  stm32l0xx_hal_gpio.o [1]
HAL_GPIO_ReadPin         0x800'3447   0x1a  Code  Gb  stm32l0xx_hal_gpio.o [1]
HAL_GPIO_WritePin        0x800'3461   0x1a  Code  Gb  stm32l0xx_hal_gpio.o [1]
HAL_GetTick              0x800'34f5    0xc  Code  Wk  stm32l0xx_hal.o [1]
HAL_IWDG_Init            0x800'5ce9   0x5c  Code  Gb  stm32l0xx_hal_iwdg.o [1]
HAL_IWDG_Refresh         0x800'5d45    0xc  Code  Gb  stm32l0xx_hal_iwdg.o [1]
HAL_IncTick              0x800'9e31   0x10  Code  Wk  stm32l0xx_hal.o [1]
HAL_Init                 0x800'8335   0x1e  Code  Gb  stm32l0xx_hal.o [1]
HAL_InitTick             0x800'76d5   0x38  Code  Wk  stm32l0xx_hal.o [1]
HAL_MspInit              0x800'55f9   0x18  Code  Gb  stm32l0xx_hal_msp.o [1]
HAL_NVIC_DisableIRQ      0x800'7045    0xe  Code  Gb  stm32l0xx_hal_cortex.o [1]
HAL_NVIC_EnableIRQ       0x800'7037    0xe  Code  Gb  stm32l0xx_hal_cortex.o [1]
HAL_NVIC_SetPriority     0x800'7023   0x14  Code  Gb  stm32l0xx_hal_cortex.o [1]
HAL_PWREx_EnableFastWakeUp
                         0x800'8365    0xe  Code  Gb  stm32l0xx_hal_pwr_ex.o [1]
HAL_PWREx_EnableUltraLowPower
                         0x800'8373    0xe  Code  Gb  stm32l0xx_hal_pwr_ex.o [1]
HAL_PWR_EnterSTOPMode    0x800'5ca9   0x36  Code  Gb  stm32l0xx_hal_pwr.o [1]
HAL_RCCEx_PeriphCLKConfig
                         0x800'8169  0x198  Code  Gb  stm32l0xx_hal_rcc_ex.o [1]
HAL_RCC_ClockConfig      0x800'6bdd  0x1aa  Code  Gb  stm32l0xx_hal_rcc.o [1]
HAL_RCC_GetHCLKFreq      0x800'6e39    0x6  Code  Gb  stm32l0xx_hal_rcc.o [1]
HAL_RCC_GetPCLK1Freq     0x800'6e3f   0x18  Code  Gb  stm32l0xx_hal_rcc.o [1]
HAL_RCC_GetPCLK2Freq     0x800'6e5d   0x18  Code  Gb  stm32l0xx_hal_rcc.o [1]
HAL_RCC_GetSysClockFreq
                         0x800'6da1   0x98  Code  Gb  stm32l0xx_hal_rcc.o [1]
HAL_RCC_OscConfig        0x800'66b5  0x510  Code  Gb  stm32l0xx_hal_rcc.o [1]
HAL_RTCEx_BKUPRead       0x800'5b23   0x10  Code  Gb  stm32l0xx_hal_rtc_ex.o [1]
HAL_RTCEx_BKUPWrite      0x800'5b11   0x12  Code  Gb  stm32l0xx_hal_rtc_ex.o [1]
HAL_RTCEx_DeactivateWakeUpTimer
                         0x800'5a51   0x84  Code  Gb  stm32l0xx_hal_rtc_ex.o [1]
HAL_RTCEx_SetWakeUpTimer_IT
                         0x800'593d  0x112  Code  Gb  stm32l0xx_hal_rtc_ex.o [1]
HAL_RTCEx_WakeUpTimerIRQHandler
                         0x800'5ad5   0x32  Code  Gb  stm32l0xx_hal_rtc_ex.o [1]
HAL_RTC_Init             0x800'5b4d   0xe0  Code  Gb  stm32l0xx_hal_rtc.o [1]
HAL_RTC_MspInit          0x800'5683   0x2a  Code  Gb  stm32l0xx_hal_msp.o [1]
HAL_RTC_WaitForSynchro   0x800'5c31   0x32  Code  Gb  stm32l0xx_hal_rtc.o [1]
HAL_SPI_DeInit           0x800'2bc5   0x36  Code  Gb  stm32l0xx_hal_spi.o [1]
HAL_SPI_IRQHandler       0x800'2e61  0x12c  Code  Gb  stm32l0xx_hal_spi.o [1]
HAL_SPI_Init             0x800'2b31   0x8e  Code  Gb  stm32l0xx_hal_spi.o [1]
HAL_SPI_MspDeInit        0x800'570f   0x26  Code  Gb  stm32l0xx_hal_msp.o [1]
HAL_SPI_MspInit          0x800'56ad   0x62  Code  Gb  stm32l0xx_hal_msp.o [1]
HAL_SPI_TransmitReceive
                         0x800'2bfb  0x266  Code  Gb  stm32l0xx_hal_spi.o [1]
HAL_SYSTICK_Config       0x800'7053    0xc  Code  Gb  stm32l0xx_hal_cortex.o [1]
HAL_SuspendTick          0x800'8355   0x10  Code  Wk  stm32l0xx_hal.o [1]
HAL_UARTEx_WakeupCallback
                         0x800'66b1    0x2  Code  Wk  stm32l0xx_hal_uart_ex.o [1]
HAL_UART_Abort           0x800'4c99   0xc0  Code  Gb  stm32l0xx_hal_uart.o [1]
HAL_UART_DeInit          0x800'4a69   0x3e  Code  Gb  stm32l0xx_hal_uart.o [1]
HAL_UART_ErrorCallback   0x800'6675   0x14  Code  Gb  main.o [1]
HAL_UART_IRQHandler      0x800'4d5d  0x1c2  Code  Gb  stm32l0xx_hal_uart.o [1]
HAL_UART_Init            0x800'49e9   0x7a  Code  Gb  stm32l0xx_hal_uart.o [1]
HAL_UART_MspDeInit       0x800'57f3   0x4e  Code  Gb  stm32l0xx_hal_msp.o [1]
HAL_UART_MspInit         0x800'5735   0xbe  Code  Gb  stm32l0xx_hal_msp.o [1]
HAL_UART_Receive_IT      0x800'4b95   0xf4  Code  Gb  stm32l0xx_hal_uart.o [1]
HAL_UART_RxCpltCallback
                         0x800'6689   0x1e  Code  Gb  main.o [1]
HAL_UART_Transmit        0x800'4aa7   0xee  Code  Gb  stm32l0xx_hal_uart.o [1]
HardFault_Handler        0x800'9de3    0x4  Code  Gb  stm32l0xx_it.o [1]
Led_RGB_ON               0x800'1889   0x34  Code  Gb  Led.o [1]
NMI_Handler              0x800'9de1    0x2  Code  Gb  stm32l0xx_it.o [1]
NVIC_DisableIRQ          0x800'6f57    0xe  Code  Lc  stm32l0xx_hal_cortex.o [1]
NVIC_EnableIRQ           0x800'6f49    0xe  Code  Lc  stm32l0xx_hal_cortex.o [1]
NVIC_SetPriority         0x800'6f65   0x8c  Code  Lc  stm32l0xx_hal_cortex.o [1]
PLLMulTable              0x800'a02c    0xc  Data  Gb  system_stm32l0xx.o [1]
PendSV_Handler           0x800'9de9    0x2  Code  Gb  stm32l0xx_it.o [1]
RTC_EnterInitMode        0x800'5c65   0x3c  Code  Gb  stm32l0xx_hal_rtc.o [1]
RTC_IRQHandler           0x800'9df3    0xe  Code  Gb  stm32l0xx_it.o [1]
Region$$Table$$Base      0x800'9f2c          --   Gb  - Linker created -
Region$$Table$$Limit     0x800'9f4c          --   Gb  - Linker created -
S2LP_CS_HIGH             0x800'16b9    0x8  Code  Gb  S2LP.o [1]
S2LP_CS_LOW              0x800'16b1    0x8  Code  Gb  S2LP.o [1]
S2LP_ErrorCode          0x2000'1290    0x2  Data  Gb  S2LP.o [1]
S2LP_PowerUp             0x800'14fd  0x182  Code  Gb  S2LP.o [1]
S2LP_ResetRegistersCWMode
                         0x800'17e3   0x24  Code  Gb  S2LP.o [1]
S2LP_SendCommandStrobes
                         0x800'1819   0x2e  Code  Gb  S2LP.o [1]
S2LP_SetConfig_CWActiveMode
                         0x800'1847   0x14  Code  Gb  S2LP.o [1]
S2LP_SetConfig_CWInactiveMode
                         0x800'185b   0x10  Code  Gb  S2LP.o [1]
S2LP_SetConfig_SleepMode
                         0x800'187b    0xc  Code  Gb  S2LP.o [1]
S2LP_SetConfig_WorkingMode
                         0x800'186b   0x10  Code  Gb  S2LP.o [1]
S2LP_SetRegistersCWMode
                         0x800'17bf   0x24  Code  Gb  S2LP.o [1]
S2LP_Shutdown            0x800'167f   0x32  Code  Gb  S2LP.o [1]
S2LP_SpiCommandStrobes   0x800'177d   0x42  Code  Gb  S2LP.o [1]
S2LP_SpiReadRegisters    0x800'1723   0x5a  Code  Gb  S2LP.o [1]
S2LP_SpiWriteRegisters   0x800'16c1   0x62  Code  Gb  S2LP.o [1]
S2LP_ZeroArray           0x800'14e9   0x14  Code  Gb  S2LP.o [1]
S2LP_configuration_GPIO_MODE_BlockA
                        0x2000'039c    0x1  Data  Gb  S2LP_Configuration.o [1]
S2LP_configuration_GPIO_MODE_BlockC
                        0x2000'037c    0x8  Data  Gb  S2LP_Configuration.o [1]
S2LP_configuration_GPIO_MODE_BlockD
                        0x2000'039d    0x1  Data  Gb  S2LP_Configuration.o [1]
S2LP_getConfigBlock_A    0x800'2af9    0xe  Code  Gb  S2LP_Configuration.o [1]
S2LP_getConfigBlock_C    0x800'2b07    0xe  Code  Gb  S2LP_Configuration.o [1]
S2LP_getConfigBlock_D    0x800'2b15    0xe  Code  Gb  S2LP_Configuration.o [1]
SPI1_IRQHandler          0x800'9e01    0xa  Code  Gb  stm32l0xx_it.o [1]
SPI_DMAAbortOnError      0x800'2f8f   0x14  Code  Lc  stm32l0xx_hal_spi.o [1]
SPI_EndRxTxTransaction   0x800'304d   0x5a  Code  Lc  stm32l0xx_hal_spi.o [1]
SPI_S2LP_DeInit          0x800'30e9    0xa  Code  Gb  SPI.o [1]
SPI_S2LP_Init            0x800'30ad   0x3c  Code  Gb  SPI.o [1]
SPI_WaitFlagStateUntilTimeout
                         0x800'2fa9   0xa2  Code  Lc  stm32l0xx_hal_spi.o [1]
SVC_Handler              0x800'9de7    0x2  Code  Gb  stm32l0xx_it.o [1]
SysTick_Config           0x800'6ff1   0x32  Code  Lc  stm32l0xx_hal_cortex.o [1]
SysTick_Handler          0x800'9deb    0x8  Code  Gb  stm32l0xx_it.o [1]
SystemCoreClock         0x2000'0384    0x4  Data  Gb  system_stm32l0xx.o [1]
SystemInit               0x800'9d0d   0x4c  Code  Gb  system_stm32l0xx.o [1]
TXCE_GetParam            0x800'07e9  0x16e  Code  Gb  Tx_CommandExecuter.o [1]
TXCE_GetSoftwareVersion
                         0x800'0113   0xf6  Code  Gb  Tx_CommandExecuter.o [1]
TXCE_MeasureBatteryLevel
                         0x800'00c1   0x52  Code  Gb  Tx_CommandExecuter.o [1]
TXCE_Pairing             0x800'0a21   0x30  Code  Gb  Tx_CommandExecuter.o [1]
TXCE_ResetTest           0x800'0525  0x162  Code  Gb  Tx_CommandExecuter.o [1]
TXCE_SetCharStartBroadcast
                         0x800'0a5d   0xe2  Code  Gb  Tx_CommandExecuter.o [1]
TXCE_SetHardwareRevision
                         0x800'0209   0x80  Code  Gb  Tx_CommandExecuter.o [1]
TXCE_SetLED              0x800'0491   0x84  Code  Gb  Tx_CommandExecuter.o [1]
TXCE_SetParam            0x800'095d   0xbe  Code  Gb  Tx_CommandExecuter.o [1]
TXCE_SetRFCarrier_TCXO   0x800'0289   0x68  Code  Gb  Tx_CommandExecuter.o [1]
TXCE_SetRFCarrier_XTAL   0x800'02f5  0x196  Code  Gb  Tx_CommandExecuter.o [1]
TXCE_SetS2LPOutputPower
                         0x800'0bed  0x13c  Code  Gb  Tx_CommandExecuter.o [1]
TXCE_SetS2LPSynth        0x800'0b45   0xa2  Code  Gb  Tx_CommandExecuter.o [1]
TXCE_SetSerialNo         0x800'0765   0x76  Code  Gb  Tx_CommandExecuter.o [1]
TXCE_SetUID              0x800'0695   0xc6  Code  Gb  Tx_CommandExecuter.o [1]
TXM_AppendCRLFAndSend    0x800'0d5f   0x1c  Code  Gb  Tx_Misc.o [1]
TXM_FillCmdInField       0x800'0d45   0x1a  Code  Gb  Tx_Misc.o [1]
TXM_Negative             0x800'0d7b   0x28  Code  Gb  Tx_Misc.o [1]
TXM_RingbufferDrop2Bytes
                         0x800'0da3   0x12  Code  Gb  Tx_Misc.o [1]
TXM_SendBoot             0x800'0e57   0x28  Code  Gb  Tx_Misc.o [1]
TXM_SendHeader           0x800'0db5   0x88  Code  Gb  Tx_Misc.o [1]
TXM_SendPrompt           0x800'0e3d   0x1a  Code  Gb  Tx_Misc.o [1]
UART_AdvFeatureConfig    0x800'52e1   0xde  Code  Gb  stm32l0xx_hal_uart.o [1]
UART_CheckIdleState      0x800'53bf   0x60  Code  Gb  stm32l0xx_hal_uart.o [1]
UART_DMAAbortOnError     0x800'54dd   0x18  Code  Lc  stm32l0xx_hal_uart.o [1]
UART_EndRxTransfer       0x800'5491   0x22  Code  Lc  stm32l0xx_hal_uart.o [1]
UART_EndTransmit_IT      0x800'54f5   0x20  Code  Lc  stm32l0xx_hal_uart.o [1]
UART_RxISR_16BIT         0x800'5589   0x6c  Code  Lc  stm32l0xx_hal_uart.o [1]
UART_RxISR_8BIT          0x800'5515   0x6c  Code  Lc  stm32l0xx_hal_uart.o [1]
UART_SetConfig           0x800'4f25  0x3b0  Code  Gb  stm32l0xx_hal_uart.o [1]
UART_WaitOnFlagUntilTimeout
                         0x800'5429   0x64  Code  Gb  stm32l0xx_hal_uart.o [1]
USART1_IRQHandler        0x800'9e0b    0xa  Code  Gb  stm32l0xx_it.o [1]
USART2_IRQHandler        0x800'9e15    0xa  Code  Gb  stm32l0xx_it.o [1]
UserButtonGetLevel       0x800'2259    0xc  Code  Gb  Userbutton.o [1]
UserButtonMeasurePresstime
                         0x800'2265   0xba  Code  Gb  Userbutton.o [1]
__aeabi_idiv             0x800'235d         Code  Gb  I32DivModFast.o [3]
__aeabi_idiv0            0x800'3f5d         Code  Gb  IntDivZer.o [3]
__aeabi_idivmod          0x800'235d         Code  Gb  I32DivModFast.o [3]
__aeabi_ldiv0            0x800'770d         Code  Gb  I64DivZer.o [3]
__aeabi_lmul             0x800'6ea9         Code  Gb  I64Mul.o [3]
__aeabi_memcpy           0x800'2ad5         Code  Gb  ABImemcpy.o [3]
__aeabi_memcpy4          0x800'2aa1         Code  Gb  ABImemcpy.o [3]
__aeabi_memcpy8          0x800'2aa1         Code  Gb  ABImemcpy.o [3]
__aeabi_memset           0x800'34a5         Code  Gb  ABImemset.o [3]
__aeabi_uidiv            0x800'2363         Code  Gb  I32DivModFast.o [3]
__aeabi_uidivmod         0x800'2363         Code  Gb  I32DivModFast.o [3]
__aeabi_uldivmod         0x800'6edb         Code  Gb  I64DivMod.o [3]
__cmain                  0x800'9f4d         Code  Gb  cmain.o [3]
__exit                   0x800'9f85         Code  Gb  XXexit.o [3]
__iar_Memcpy             0x800'2ae1         Code  Gb  ABImemcpy.o [3]
__iar_Memset4_word       0x800'34c5         Code  Gb  ABImemset.o [3]
__iar_Memset_word        0x800'34b1         Code  Gb  ABImemset.o [3]
__iar_data_init3         0x800'9f05   0x28  Code  Gb  data_init.o [3]
__iar_lz77_init_single3
                         0x800'0f6f   0x7e  Code  Gb  lz77_init_single.o [3]
__iar_program_start      0x800'9f91         Code  Gb  cstartup_M.o [3]
__iar_zero_init3         0x800'9ec9   0x3c  Code  Gb  zero_init3.o [3]
__low_level_init         0x800'9f6b    0x4  Code  Gb  low_level_init.o [2]
__vector_table           0x800'0000         Data  Gb  startup_stm32l051xx.o [1]
_call_main               0x800'9f59         Code  Gb  cmain.o [3]
_exit                    0x800'9f79         Code  Gb  cexit.o [3]
_main                    0x800'9f63         Code  Gb  cmain.o [3]
adcBlocking_batterylevel_deInit
                         0x800'2135   0x14  Code  Gb  ADC.o [1]
adcBlocking_batterylevel_init
                         0x800'208f   0xa6  Code  Gb  ADC.o [1]
adcBlocking_button_deInit
                         0x800'207b   0x14  Code  Gb  ADC.o [1]
adcBlocking_button_init
                         0x800'1fd5   0xa6  Code  Gb  ADC.o [1]
adcBlocking_getBatteryVoltage_fourOutOfSixAveragedLinearizedOffsetted
                         0x800'21c1   0x3c  Code  Gb  ADC.o [1]
adcBlocking_getButtonVoltage_fourOutOfSixAveraged
                         0x800'2235   0x24  Code  Gb  ADC.o [1]
adcBlocking_getFactoryCalibrationValue
                         0x800'1fcd    0x8  Code  Gb  ADC.o [1]
adcBlocking_getFourOutOfSixAveragedRaw
                         0x800'216f   0x52  Code  Gb  ADC.o [1]
adcBlocking_getSingleMeasurementRaw
                         0x800'2149   0x26  Code  Gb  ADC.o [1]
adc_doInitialCalibration
                         0x800'1fa1   0x2c  Code  Gb  ADC.o [1]
alertBase_BCWaitTO_retry_counter
                        0x2000'1244    0x4  Data  Gb  BehaviourV115_AlertBase.o [1]
alertBase_endBC_retry_counter
                        0x2000'1248    0x4  Data  Gb  BehaviourV115_AlertBase.o [1]
alertBase_sleep_retry_counter
                        0x2000'124c    0x4  Data  Gb  BehaviourV115_AlertBase.o [1]
alertBase_startBC_retry_counter
                        0x2000'1240    0x4  Data  Gb  BehaviourV115_AlertBase.o [1]
alertBase_start_retry_counter
                        0x2000'123c    0x4  Data  Gb  BehaviourV115_AlertBase.o [1]
app_868MHz_buildMessage_emergency
                         0x800'844f   0x8e  Code  Gb  App_868MHz_MessageBuilder.o [1]
app_868MHz_buildMessage_preamble
                         0x800'841d   0x32  Code  Gb  App_868MHz_MessageBuilder.o [1]
app_868MHz_sequencer_output
                         0x800'83af   0x64  Code  Gb  App_868MHz_Sequencer.o [1]
app_868mhz_s2lp_setupShutdown
                         0x800'7c6d    0xc  Code  Gb  App_868MHz.o [1]
app_868mhz_s2lp_setupWorking
                         0x800'7c61    0xc  Code  Gb  App_868MHz.o [1]
app_868mhz_slip          0x800'7c8d   0x8e  Code  Lc  App_868MHz.o [1]
app_868mhz_transmitMessage
                         0x800'7d1b   0x7c  Code  Gb  App_868MHz.o [1]
app_TXV2_boot            0x800'735d  0x146  Code  Gb  App.o [1]
app_TXV2_checkIntegrity
                         0x800'7339   0x24  Code  Gb  App.o [1]
app_TXV2_main            0x800'74a3   0x4a  Code  Gb  App.o [1]
app_misc_alert_setNew    0x800'40b1    0xa  Code  Gb  App_Misc.o [1]
app_misc_alert_setNewToOld
                         0x800'40bb    0xe  Code  Gb  App_Misc.o [1]
app_misc_alert_unset     0x800'40c9    0xa  Code  Gb  App_Misc.o [1]
app_misc_battery_isBatteryNew
                         0x800'410b   0x12  Code  Gb  App_Misc.o [1]
app_misc_battery_measureNewBatteryValue
                         0x800'40d3   0x28  Code  Gb  App_Misc.o [1]
app_misc_battery_resetBatteryLowCounter
                         0x800'40fb   0x10  Code  Gb  App_Misc.o [1]
app_misc_errorAndOldAlert_unset
                         0x800'4177    0x8  Code  Gb  App_Misc.o [1]
app_misc_error_maskInNewErrorcode
                         0x800'411d   0x5a  Code  Gb  App_Misc.o [1]
app_misc_showError       0x800'421f   0x7e  Code  Gb  App_Misc.o [1]
app_misc_showErrorCritical
                         0x800'41a1   0x7e  Code  Gb  App_Misc.o [1]
app_misc_showProblematicSuccess
                         0x800'431b   0x82  Code  Gb  App_Misc.o [1]
app_misc_showSuccess     0x800'429d   0x7e  Code  Gb  App_Misc.o [1]
app_misc_sync_eepromToCommstack
                         0x800'417f   0x22  Code  Gb  App_Misc.o [1]
app_rsl_broadcast        0x800'294f   0x2e  Code  Gb  App_RSL.o [1]
app_rsl_emergency        0x800'297d   0x2e  Code  Gb  App_RSL.o [1]
app_rsl_handler_executeCommunication
                         0x800'27f9  0x128  Code  Gb  App_RSL.o [1]
app_rsl_interaction_broadcast_main
                         0x800'7da1  0x130  Code  Gb  APP_RSL_Interaction_Broadcast.o [1]
app_rsl_interaction_emergency_main
                         0x800'7ed1  0x134  Code  Gb  App_RSL_Interaction_Emergency.o [1]
app_rsl_interaction_pairing_main
                         0x800'2625  0x15c  Code  Gb  App_RSL_Interaction_Pairing.o [1]
app_rsl_pairing          0x800'29ab   0x2e  Code  Gb  App_RSL.o [1]
app_rsl_timer_led_off   0x2000'1158   0x10  Data  Gb  App_RSL.o [1]
app_rsl_timer_led_on    0x2000'1168   0x10  Data  Gb  App_RSL.o [1]
app_rsl_updateAllCharacteristics
                         0x800'2921   0x2e  Code  Gb  App_RSL.o [1]
battery_BCWaitTO_retry_counter
                        0x2000'125c    0x4  Data  Gb  BehaviourV115_Battery.o [1]
battery_endBC_retry_counter
                        0x2000'1260    0x4  Data  Gb  BehaviourV115_Battery.o [1]
battery_sleep_retry_counter
                        0x2000'1264    0x4  Data  Gb  BehaviourV115_Battery.o [1]
battery_startBC_retry_counter
                        0x2000'1258    0x4  Data  Gb  BehaviourV115_Battery.o [1]
battery_start_retry_counter
                        0x2000'1250    0x4  Data  Gb  BehaviourV115_Battery.o [1]
battery_updateCharacteristic_retry_counter
                        0x2000'1254    0x4  Data  Gb  BehaviourV115_Battery.o [1]
batterylevel_getPercentage
                         0x800'0ff7   0x3a  Code  Gb  Batterylevel.o [1]
batterylevel_mV          0x800'0fed    0xa  Code  Gb  Batterylevel.o [1]
behaviourController_loadNewSequence
                         0x800'4861   0x14  Code  Gb  BehaviourController.o [1]
behaviourController_main
                         0x800'4875  0x16e  Code  Gb  BehaviourController.o [1]
behaviourStep_bc_end_v115_internalState
                        0x2000'1295    0x1  Data  Gb  BehaviourStepV115_BC_End.o [1]
behaviourStep_bc_end_v115_main
                         0x800'9975  0x108  Code  Gb  BehaviourStepV115_BC_End.o [1]
behaviourStep_bc_end_v115_main::timerTimeout
                        0x2000'1178   0x10  Data  Lc  BehaviourStepV115_BC_End.o [1]
behaviourStep_bc_end_wait_to_v115_main
                         0x800'916d  0x164  Code  Gb  BehaviourStepV115_BC_Wait_TO.o [1]
behaviourStep_bc_end_wait_to_v115_main::timerTimeout
                        0x2000'1198   0x10  Data  Lc  BehaviourStepV115_BC_Wait_TO.o [1]
behaviourStep_bc_start_v115_internalState
                        0x2000'1296    0x1  Data  Gb  BehaviourStepV115_BC_Start.o [1]
behaviourStep_bc_start_v115_main
                         0x800'975d  0x10c  Code  Gb  BehaviourStepV115_BC_Start.o [1]
behaviourStep_bc_start_v115_main::timerTimeout
                        0x2000'1188   0x10  Data  Lc  BehaviourStepV115_BC_Start.o [1]
behaviourStep_bc_wait_to_v115_internalState
                        0x2000'1297    0x1  Data  Gb  BehaviourStepV115_BC_Wait_TO.o [1]
behaviourStep_char_alert_v115_internalState
                        0x2000'1298    0x1  Data  Gb  BehaviourStepV115_CharAlert.o [1]
behaviourStep_char_alert_v115_main
                         0x800'9421  0x114  Code  Gb  BehaviourStepV115_CharAlert.o [1]
behaviourStep_char_alert_v115_main::timerTimeout
                        0x2000'11a8   0x10  Data  Lc  BehaviourStepV115_CharAlert.o [1]
behaviourStep_char_battery_v115_internalState
                        0x2000'1299    0x1  Data  Gb  BehaviourStepV115_CharBattery.o [1]
behaviourStep_char_battery_v115_main
                         0x800'9535  0x114  Code  Gb  BehaviourStepV115_CharBattery.o [1]
behaviourStep_char_battery_v115_main::timerTimeout
                        0x2000'11b8   0x10  Data  Lc  BehaviourStepV115_CharBattery.o [1]
behaviourStep_char_error_v115_internalState
                        0x2000'129a    0x1  Data  Gb  BehaviourStepV115_CharError.o [1]
behaviourStep_char_error_v115_main
                         0x800'9649  0x114  Code  Gb  BehaviourStepV115_CharError.o [1]
behaviourStep_char_error_v115_main::timerTimeout
                        0x2000'11c8   0x10  Data  Lc  BehaviourStepV115_CharError.o [1]
behaviourStep_pairing_v115_internalState
                        0x2000'129b    0x1  Data  Gb  BehaviourStepV115_Pairing.o [1]
behaviourStep_pairing_v115_main
                         0x800'9869  0x10c  Code  Gb  BehaviourStepV115_Pairing.o [1]
behaviourStep_pairing_v115_main::timerTimeout
                        0x2000'11d8   0x10  Data  Lc  BehaviourStepV115_Pairing.o [1]
behaviourStep_sleep_v115_internalState
                        0x2000'129c    0x1  Data  Gb  BehaviourStepV115_Sleep.o [1]
behaviourStep_sleep_v115_main
                         0x800'9b7d   0xf4  Code  Gb  BehaviourStepV115_Sleep.o [1]
behaviourStep_sleep_v115_main::timerTimeout
                        0x2000'11e8   0x10  Data  Lc  BehaviourStepV115_Sleep.o [1]
behaviourStep_start_v115_internalState
                        0x2000'129d    0x1  Data  Gb  BehaviourStepV115_Start.o [1]
behaviourStep_start_v115_main
                         0x800'8a69  0x258  Code  Gb  BehaviourStepV115_Start.o [1]
behaviourStep_start_v115_main::timerTimeout
                        0x2000'11f8   0x10  Data  Lc  BehaviourStepV115_Start.o [1]
behaviourV115_alertBase
                        0x2000'0038   0xd0  Data  Gb  BehaviourV115_AlertBase.o [1]
behaviourV115_alertBase_endBCWaitTO_Action_A
                         0x800'8fcb    0xc  Code  Gb  BehaviourV115_AlertBase.o [1]
behaviourV115_alertBase_endBCWaitTO_Action_B
                         0x800'8fd7    0x6  Code  Gb  BehaviourV115_AlertBase.o [1]
behaviourV115_alertBase_endBCWaitTO_Action_C
                         0x800'8fdd    0x6  Code  Gb  BehaviourV115_AlertBase.o [1]
behaviourV115_alertBase_endBCWaitTO_Action_D
                         0x800'8fe3    0x6  Code  Gb  BehaviourV115_AlertBase.o [1]
behaviourV115_alertBase_endBCWaitTO_abort
                         0x800'900b    0x6  Code  Gb  BehaviourV115_AlertBase.o [1]
behaviourV115_alertBase_endBCWaitTO_criticalAbort
[...]
gpio_activateTestPin     0x800'1ef9   0x3a  Code  Gb  GPIO.o [1]
gpio_deactivateTestPin   0x800'1f39   0x3c  Code  Gb  GPIO.o [1]
gpio_initSleepMode       0x800'1ba5   0x90  Code  Gb  GPIO.o [1]
gpio_ledAnalogMode       0x800'1a77   0xa0  Code  Gb  GPIO.o [1]
gpio_ledOutputMode       0x800'19e9   0x8e  Code  Gb  GPIO.o [1]
gpio_rsl10ResetActive    0x800'1b17   0x44  Code  Gb  GPIO.o [1]
gpio_rsl10ResetInactive
                         0x800'1b5b   0x44  Code  Gb  GPIO.o [1]
gpio_s2lp_pinCS_deInit   0x800'1d8d   0x3e  Code  Gb  GPIO.o [1]
gpio_s2lp_pinCS_init     0x800'1d45   0x48  Code  Gb  GPIO.o [1]
gpio_s2lp_pinCS_setToSilence
                         0x800'1ddd   0x12  Code  Gb  GPIO.o [1]
gpio_s2lp_pinCS_setToTransmission
                         0x800'1dcb   0x12  Code  Gb  GPIO.o [1]
gpio_s2lp_pinShutdown_setToRunmode
                         0x800'1cf7   0x48  Code  Gb  GPIO.o [1]
gpio_s2lp_pinShutdown_setToShutdown
                         0x800'1cbb   0x3c  Code  Gb  GPIO.o [1]
gpio_s2lp_signalGPO2Output_deInit
                         0x800'1c7d   0x3e  Code  Gb  GPIO.o [1]
gpio_s2lp_signalGPO2Output_init
                         0x800'1c39   0x40  Code  Gb  GPIO.o [1]
gpio_tcxo_off            0x800'1e35   0x3c  Code  Gb  GPIO.o [1]
gpio_tcxo_on             0x800'1def   0x46  Code  Gb  GPIO.o [1]
gpio_userButtonArmedMode
                         0x800'1915   0x48  Code  Gb  GPIO.o [1]
gpio_userButtonMeasureMode
                         0x800'195d   0x46  Code  Gb  GPIO.o [1]
gpio_userButtonUnarmedMode
                         0x800'19a3   0x46  Code  Gb  GPIO.o [1]
gpio_xtal_off            0x800'1eb7   0x3c  Code  Gb  GPIO.o [1]
gpio_xtal_on             0x800'1e71   0x46  Code  Gb  GPIO.o [1]
hadc                    0x2000'1020   0x5c  Data  Gb  main.o [1]
handlerNAK_getState      0x800'65eb    0x6  Code  Gb  Handler_NAK_Transmission.o [1]
handlerNAK_resetCounter
                         0x800'65e3    0x8  Code  Gb  Handler_NAK_Transmission.o [1]
handlerNAK_resetState    0x800'65f1    0x8  Code  Gb  Handler_NAK_Transmission.o [1]
handlerNAK_sendNAK       0x800'65c1   0x22  Code  Gb  Handler_NAK_Transmission.o [1]
handlerNAK_state        0x2000'129e    0x1  Data  Gb  Handler_NAK_Transmission.o [1]
hcrc                    0x2000'10f8   0x24  Data  Gb  main.o [1]
hex2u8                   0x800'1111   0x7c  Code  Gb  Tools.o [1]
hiwdg                   0x2000'1208   0x10  Data  Gb  main.o [1]
hrtc                    0x2000'111c   0x24  Data  Gb  main.o [1]
hspi1                   0x2000'107c   0x58  Data  Gb  main.o [1]
huart1                  0x2000'0ea0   0x80  Data  Gb  main.o [1]
huart2                  0x2000'0f20   0x80  Data  Gb  main.o [1]
i                       0x2000'1234    0x4  Data  Lc  App_868MHz_Sequencer.o [1]
initializeBitfield       0x800'8725   0x80  Code  Gb  Helperfunction.o [1]
interMessageDelay        0x800'7c79   0x14  Code  Gb  App_868MHz.o [1]
led_black                0x800'1907    0xe  Code  Gb  Led.o [1]
led_blue                 0x800'18dd    0xe  Code  Gb  Led.o [1]
led_green                0x800'18cf    0xe  Code  Gb  Led.o [1]
led_magenta              0x800'18eb    0xe  Code  Gb  Led.o [1]
led_red                  0x800'18c1    0xe  Code  Gb  Led.o [1]
led_turquoise            0x800'18f9    0xe  Code  Gb  Led.o [1]
logic_areMCDBytesValid   0x800'4641   0x66  Code  Gb  Logic.o [1]
logic_countOfMessagesInInputbuffer
                         0x800'4465    0xa  Code  Gb  Logic.o [1]
logic_countOfMessagesInOutputbuffer
                         0x800'446f    0xa  Code  Gb  Logic.o [1]
logic_deletePaketFromInputBuffer
                         0x800'47dd    0xe  Code  Gb  Logic.o [1]
logic_getSlotOfCommand   0x800'47a1   0x28  Code  Gb  Logic.o [1]
logic_getSlotOfCommand_inputBuffer
                         0x800'47c9   0x14  Code  Gb  Logic.o [1]
logic_handleTimeouts     0x800'44d3   0x6c  Code  Gb  Logic.o [1]
logic_parseNachricht     0x800'453f   0xf2  Code  Gb  Logic.o [1]
logic_reset              0x800'4479   0x5a  Code  Gb  Logic.o [1]
logic_resetEverything    0x800'4775   0x28  Code  Gb  Logic.o [1]
logic_slotInit           0x800'4455   0x10  Code  Gb  Logic.o [1]
logic_transmitMessage    0x800'46a7   0xc6  Code  Gb  Logic.o [1]
main                     0x800'6669    0xc  Code  Gb  main.o [1]
memset                   0x800'707d   0x14  Code  Gb  memset.o [3]
messageIOBuffer_addByteToBuffer_bySlotId
                         0x800'5f81   0x52  Code  Gb  MessageIOBuffer.o [1]
messageIOBuffer_clearAllSlots
                         0x800'62d5   0x1e  Code  Gb  MessageIOBuffer.o [1]
messageIOBuffer_countOfSlotsUsed
                         0x800'62f3   0x26  Code  Gb  MessageIOBuffer.o [1]
messageIOBuffer_deleteMessage_bySlotId
                         0x800'6119   0x6e  Code  Gb  MessageIOBuffer.o [1]
messageIOBuffer_deleteMessage_oldest
                         0x800'6187   0x24  Code  Gb  MessageIOBuffer.o [1]
messageIOBuffer_getBuffer_bySlotId
                         0x800'6361   0x1a  Code  Gb  MessageIOBuffer.o [1]
messageIOBuffer_getFreeSlot
                         0x800'62ab   0x2a  Code  Gb  MessageIOBuffer.o [1]
messageIOBuffer_getMessageLength_bySlotId
                         0x800'60c1   0x32  Code  Gb  MessageIOBuffer.o [1]
messageIOBuffer_getOldestSlotWithCommand
                         0x800'6319   0x48  Code  Gb  MessageIOBuffer.o [1]
messageIOBuffer_getSlotCount
                         0x800'5f7d    0x4  Code  Gb  MessageIOBuffer.o [1]
messageIOBuffer_getSlotIdOldestElement
                         0x800'623b   0x34  Code  Gb  MessageIOBuffer.o [1]
messageIOBuffer_incTransmissionCount_bySlotId
                         0x800'626f   0x3c  Code  Gb  MessageIOBuffer.o [1]
messageIOBuffer_isSlotTimedOut_bySlotId
                         0x800'61ab   0x36  Code  Gb  MessageIOBuffer.o [1]
messageIOBuffer_resetMessageTimeout_bySlotID
                         0x800'61e1   0x5a  Code  Gb  MessageIOBuffer.o [1]
messageIOBuffer_resetSlot
                         0x800'5f65   0x18  Code  Gb  MessageIOBuffer.o [1]
messageIOBuffer_setMessageLength_bySlotId
                         0x800'60f3   0x26  Code  Gb  MessageIOBuffer.o [1]
messageIOBuffer_setValuesRetransmit_bySlotId
                         0x800'5fd3   0x72  Code  Gb  MessageIOBuffer.o [1]
messageIOBuffer_validateMessage_bySlotId
                         0x800'6045   0x7c  Code  Gb  MessageIOBuffer.o [1]
messageInputBuffer      0x2000'1218    0xc  Data  Gb  Logic.o [1]
messageOutputBuffer     0x2000'1224    0xc  Data  Gb  Logic.o [1]
messageParamValidity_reception_getColCount
                         0x800'6609    0x4  Code  Gb  ValidMessages.o [1]
messageParamValidity_reception_getPointerToBuffer
                         0x800'6605    0x4  Code  Gb  ValidMessages.o [1]
messageParamValidity_reception_getRowCount
                         0x800'660d    0x4  Code  Gb  ValidMessages.o [1]
messageParamValidity_transmission_getColCount
                         0x800'661d    0x4  Code  Gb  ValidMessages.o [1]
messageParamValidity_transmission_getPointerToBuffer
                         0x800'6611    0x4  Code  Gb  ValidMessages.o [1]
messageParamValidity_transmission_getRowCount
                         0x800'6621    0x4  Code  Gb  ValidMessages.o [1]
msgACK                  0x2000'0354    0x4  Data  Gb  Logic.o [1]
msgBufferNAK            0x2000'0350    0x4  Data  Gb  Handler_NAK_Transmission.o [1]
nakHandler_counter      0x2000'1288    0x4  Data  Gb  Handler_NAK_Transmission.o [1]
nrz_i                    0x800'855b   0xc0  Code  Gb  NRZ.o [1]
pFlash                  0x2000'1140   0x18  Data  Gb  stm32l0xx_hal_flash.o [1]
pairingStatemachine     0x2000'1294    0x1  Data  Gb  App_RSL_Interaction_Pairing.o [1]
pairing_pairing_retry_counter
                        0x2000'126c    0x4  Data  Gb  BehaviourV115_Pairing.o [1]
pairing_sleep_retry_counter
                        0x2000'1270    0x4  Data  Gb  BehaviourV115_Pairing.o [1]
pairing_start_retry_counter
                        0x2000'1268    0x4  Data  Gb  BehaviourV115_Pairing.o [1]
paramFactory             0x800'9c70   0x9c  Data  Gb  AllParams.o [1]
parserFailureFlag       0x2000'129f    0x1  Data  Gb  Parser.o [1]
parserTimer             0x2000'0358   0x10  Data  Gb  Parser.o [1]
parser_areMCDBytesValid
                         0x800'6403   0x66  Code  Gb  Parser.o [1]
parser_handleByteDropAndErrorFlag
                         0x800'6469   0x1a  Code  Gb  Parser.o [1]
parser_parseMessage      0x800'6483  0x136  Code  Gb  Parser.o [1]
parser_resetEverything   0x800'63e9   0x1a  Code  Gb  Parser.o [1]
parser_timerMessageIntegrityStart
                         0x800'63bd   0x10  Code  Gb  Parser.o [1]
parser_timerMessageIntegrityStartISP
                         0x800'63cd   0x1c  Code  Gb  Parser.o [1]
posValHexToDez           0x800'1039   0x58  Code  Gb  Tools.o [1]
rb                      0x2000'0368   0x14  Data  Gb  RingbufferWrapper.o [1]
receptionByteRSL        0x2000'12a2    0x1  Data  Gb  UART_RSL.o [1]
receptionByteTester     0x2000'12a3    0x1  Data  Gb  UART_Tester.o [1]
ringbufferArray         0x2000'0aa8  0x100  Data  Gb  RingbufferWrapper.o [1]
ringbufferClear          0x800'0f61    0xe  Code  Gb  Ringbuffer.o [1]
ringbufferGetChar        0x800'0ee7   0x3e  Code  Gb  Ringbuffer.o [1]
ringbufferGetCount       0x800'0ea1    0x4  Code  Gb  Ringbuffer.o [1]
ringbufferPeekCharPosition
                         0x800'0f25   0x3c  Code  Gb  Ringbuffer.o [1]
ringbufferPutChar        0x800'0ea5   0x42  Code  Gb  Ringbuffer.o [1]
ringbufferWrapper_clear
                         0x800'72cf   0x10  Code  Gb  RingbufferWrapper.o [1]
ringbufferWrapper_dropByte
                         0x800'72ef    0xa  Code  Gb  RingbufferWrapper.o [1]
ringbufferWrapper_dropBytesCount
                         0x800'72f9   0x14  Code  Gb  RingbufferWrapper.o [1]
ringbufferWrapper_flagState
                         0x800'732b    0x6  Code  Gb  RingbufferWrapper.o [1]
ringbufferWrapper_getCount
                         0x800'72c5    0xa  Code  Gb  RingbufferWrapper.o [1]
ringbufferWrapper_peekByte
                         0x800'72df   0x10  Code  Gb  RingbufferWrapper.o [1]
ringbufferWrapper_putByte
                         0x800'730d   0x1e  Code  Gb  RingbufferWrapper.o [1]
ringbufferWrapper_state
                        0x2000'12a0    0x1  Data  Gb  RingbufferWrapper.o [1]
rsl10Control_setResetActive
                         0x800'8cc1    0x8  Code  Gb  UserMethods_RSL10_Control.o [1]
rsl10Control_setResetInactive
                         0x800'8cc9    0x8  Code  Gb  UserMethods_RSL10_Control.o [1]
rtcWakeupIntFired       0x2000'12a1    0x1  Data  Gb  RTC.o [1]
rtc_adcCalGet            0x800'364d    0xc  Code  Gb  RTC.o [1]
rtc_adcCalSet            0x800'3659   0x10  Code  Gb  RTC.o [1]
rtc_init                 0x800'3669   0x2c  Code  Gb  RTC.o [1]
rtc_lsi_calibration      0x800'36c9   0x62  Code  Gb  RTC.o [1]
rtc_setWakeUpInSeconds   0x800'3695   0x2c  Code  Gb  RTC.o [1]
rtc_wakeUpIntFire        0x800'36c1    0x8  Code  Gb  RTC.o [1]
runmode_awake            0x800'7929   0x1c  Code  Gb  Runmode_Awake.o [1]
runmode_awake_configClocktreeHighspeedHSI
                         0x800'77c5   0xae  Code  Gb  Runmode_Awake.o [1]
runmode_awake_configClocktreeMidspeed
                         0x800'7873   0xaa  Code  Gb  Runmode_Awake.o [1]
runmode_sleep            0x800'7bcb   0x3a  Code  Gb  Runmode_Sleep.o [1]
runmode_sleep_configClocktree
                         0x800'79e9   0xae  Code  Gb  Runmode_Sleep.o [1]
runmode_sleep_configurePeripheralsClockGating
                         0x800'7a97  0x128  Code  Gb  Runmode_Sleep.o [1]
runmode_sleep_prepare    0x800'7bbf    0xc  Code  Gb  Runmode_Sleep.o [1]
sequence                0x2000'1238    0x4  Data  Gb  BehaviourController.o [1]
setAllCharacteristics_sleep_retry_counter
                        0x2000'1284    0x4  Data  Gb  BehaviourV115_SetAllCharacteristics.o [1]
setAllCharacteristics_start_retry_counter
                        0x2000'1274    0x4  Data  Gb  BehaviourV115_SetAllCharacteristics.o [1]
setAllCharacteristics_updateCharacteristicAlert_retry_counter
                        0x2000'1278    0x4  Data  Gb  BehaviourV115_SetAllCharacteristics.o [1]
setAllCharacteristics_updateCharacteristicBattery_retry_counter
                        0x2000'127c    0x4  Data  Gb  BehaviourV115_SetAllCharacteristics.o [1]
setAllCharacteristics_updateCharacteristicError_retry_counter
                        0x2000'1280    0x4  Data  Gb  BehaviourV115_SetAllCharacteristics.o [1]
setBitInPosition         0x800'869f   0x1e  Code  Gb  Helperfunction.o [1]
slotsInput              0x2000'0d38   0xb4  Data  Gb  Logic.o [1]
slotsOutput             0x2000'0dec   0xb4  Data  Gb  Logic.o [1]
timerHandler_isTimerActive
                         0x800'4807    0x4  Code  Gb  Handler_Timer.o [1]
timerHandler_isTimerTimedOut
                         0x800'480b   0x3e  Code  Gb  Handler_Timer.o [1]
timerHandler_timerRestart
                         0x800'484f   0x12  Code  Gb  Handler_Timer.o [1]
timerHandler_timerStart
                         0x800'47f9    0xe  Code  Gb  Handler_Timer.o [1]
timerHandler_timerStop   0x800'4849    0x6  Code  Gb  Handler_Timer.o [1]
timer_b_led_off         0x2000'0018   0x10  Data  Gb  App_Misc.o [1]
timer_b_led_on          0x2000'0028   0x10  Data  Gb  App_Misc.o [1]
txInterpreterCommandField
                         0x800'9e40   0x4c  Data  Gb  Tx_Interpreter_Messages.o [1]
txInterpreterValidMessages_GetMaxlen
                         0x800'8069   0x24  Code  Gb  Tx_Interpreter_Messages.o [1]
txInterpreterValidMessages_GetMinlen
                         0x800'8045   0x24  Code  Gb  Tx_Interpreter_Messages.o [1]
txInterpreterValidMessages_SolveCmdToArray
                         0x800'8005   0x40  Code  Gb  Tx_Interpreter_Messages.o [1]
txInterpreter_CheckReceptionAndPositionOfCR
                         0x800'80cd   0x50  Code  Gb  Tx_Interpreter_Messages.o [1]
txInterpreter_CheckReceptionOfMessageComplete
                         0x800'811d   0x4a  Code  Gb  Tx_Interpreter_Messages.o [1]
txInterpreter_CheckStartCondition
                         0x800'7503   0x26  Code  Gb  Tx_Interpreter.o [1]
txInterpreter_DoTestMode
                         0x800'7535  0x194  Code  Gb  Tx_Interpreter.o [1]
txInterpreter_GetCommandLengthMinMax
                         0x800'8091   0x3c  Code  Gb  Tx_Interpreter_Messages.o [1]
txInterpreter_Setup      0x800'7529    0xc  Code  Gb  Tx_Interpreter.o [1]
txInterpreter_rb        0x2000'0388   0x14  Data  Gb  Tx_Interpreter.o [1]
txInterpreter_rbBuffer  0x2000'0fa0   0x80  Data  Gb  Tx_Interpreter.o [1]
txInterpreter_uartReceptionCallback
                         0x800'74ed   0x16  Code  Gb  Tx_Interpreter.o [1]
u32toString              0x800'118d   0x62  Code  Gb  Tools.o [1]
u82hex                   0x800'10cf   0x42  Code  Gb  Tools.o [1]
uartMsgCmdDefinedReception
                         0x800'9d7c   0x64  Data  Gb  ValidMessages.o [1]
uartMsgCmdDefinedTransmission
                         0x800'9e8c   0x3c  Data  Gb  ValidMessages.o [1]
uart_rsl_deInit          0x800'4417   0x1c  Code  Gb  UART_RSL.o [1]
uart_rsl_getReceptedByte
                         0x800'4433    0x6  Code  Gb  UART_RSL.o [1]
uart_rsl_init            0x800'440f    0x8  Code  Gb  UART_RSL.o [1]
uart_rsl_init_HSIautobaud115200
                         0x800'43c9   0x46  Code  Gb  UART_RSL.o [1]
uart_rsl_startReception
                         0x800'43bb    0xe  Code  Gb  UART_RSL.o [1]
uart_rsl_transmit        0x800'43a5   0x16  Code  Gb  UART_RSL.o [1]
uart_tester_deInit       0x800'2a65   0x1c  Code  Gb  UART_Tester.o [1]
uart_tester_getReceptedByte
                         0x800'2a81    0x6  Code  Gb  UART_Tester.o [1]
uart_tester_init         0x800'2a5d    0x8  Code  Gb  UART_Tester.o [1]
uart_tester_init_HSIautobaud230400
                         0x800'2a19   0x44  Code  Gb  UART_Tester.o [1]
uart_tester_startReception
                         0x800'2a0b    0xe  Code  Gb  UART_Tester.o [1]
uart_tester_transmit     0x800'29f5   0x16  Code  Gb  UART_Tester.o [1]
ultoaf                   0x800'1091   0x3e  Code  Gb  Tools.o [1]
unsetBitInPosition       0x800'86bd   0x1e  Code  Gb  Helperfunction.o [1]
userMethods_characteristics_alert
                        0x2000'12a4    0x1  Data  Gb  UserMethods_Characteristics.o [1]
userMethods_characteristics_battery
                        0x2000'12a6    0x1  Data  Gb  UserMethods_Characteristics.o [1]
userMethods_characteristics_error
                        0x2000'12a5    0x1  Data  Gb  UserMethods_Characteristics.o [1]
userMethods_characteristics_getAlert
                         0x800'279b    0x6  Code  Gb  UserMethods_Characteristics.o [1]
userMethods_characteristics_getBattery
                         0x800'27b3    0x6  Code  Gb  UserMethods_Characteristics.o [1]
userMethods_characteristics_getError
                         0x800'27a7    0x6  Code  Gb  UserMethods_Characteristics.o [1]
userMethods_characteristics_getPairingState
                         0x800'27c9    0x6  Code  Gb  UserMethods_Characteristics.o [1]
userMethods_characteristics_getTime
                         0x800'2781    0x8  Code  Gb  UserMethods_Characteristics.o [1]
userMethods_characteristics_getTransmissionState
                         0x800'27df    0x6  Code  Gb  UserMethods_Characteristics.o [1]
userMethods_characteristics_pairingState
                        0x2000'12a7    0x1  Data  Gb  UserMethods_Characteristics.o [1]
userMethods_characteristics_setAlert
                         0x800'2795    0x6  Code  Gb  UserMethods_Characteristics.o [1]
userMethods_characteristics_setBattery
                         0x800'27ad    0x6  Code  Gb  UserMethods_Characteristics.o [1]
userMethods_characteristics_setError
                         0x800'27a1    0x6  Code  Gb  UserMethods_Characteristics.o [1]
userMethods_characteristics_setPairingStatePaired
                         0x800'27b9    0x8  Code  Gb  UserMethods_Characteristics.o [1]
userMethods_characteristics_setPairingStateUnpaired
                         0x800'27c1    0x8  Code  Gb  UserMethods_Characteristics.o [1]
userMethods_characteristics_setTransmissionState_Done
                         0x800'27d7    0x8  Code  Gb  UserMethods_Characteristics.o [1]
userMethods_characteristics_setTransmissionState_None
                         0x800'27cf    0x8  Code  Gb  UserMethods_Characteristics.o [1]
userMethods_characteristics_transmissionState
                        0x2000'12a8    0x1  Data  Gb  UserMethods_Characteristics.o [1]
userMethods_characteristics_waitTime
                         0x800'2789    0xc  Code  Gb  UserMethods_Characteristics.o [1]
userMethods_startReception
                         0x800'63b9    0x2  Code  Gb  UserMethods_UART.o [1]
userMethods_stopReception
                         0x800'63b7    0x2  Code  Gb  UserMethods_UART.o [1]
userMethods_uartError    0x800'63a7   0x10  Code  Gb  UserMethods_UART.o [1]
userMethods_uartReceptionCallback
                         0x800'638d   0x1a  Code  Gb  UserMethods_UART.o [1]
userMethods_uartTransmit
                         0x800'637b   0x12  Code  Gb  UserMethods_UART.o [1]
uwTick                  0x2000'128c    0x4  Data  Gb  stm32l0xx_hal.o [1]
waitCycle                0x800'8385   0x2a  Code  Lc  App_868MHz_Sequencer.o [1]
waitTimeCycles          0x2000'1230    0x4  Data  Lc  App_868MHz_Sequencer.o [1]
watchdog_feed            0x800'3f35   0x14  Code  Gb  Watchdog.o [1]
watchdog_init_highspeed
                         0x800'3eed   0x24  Code  Gb  Watchdog.o [1]
watchdog_init_lowspeed   0x800'3f11   0x24  Code  Gb  Watchdog.o [1]


[1] = E:\Projekte\TxV2\STM32\TxV2_V2.0\EWARM\TxV2\Obj
[2] = dl6M_tlf.a
[3] = rt6M_tl.a

  40'214 bytes of readonly  code memory
   2'140 bytes of readonly  data memory (+ 2'048 absolute)
   5'799 bytes of readwrite data memory

Errors: none
Warnings: none
